Archive member included because of file (symbol)

.\CortexM0\ARM_GCC_493\Debug\Benchtop PSU.a(cyfitter_cfg.o)
                              .\CortexM0\ARM_GCC_493\Debug\Cm0Start.o (cyfitter_cfg)
.\CortexM0\ARM_GCC_493\Debug\Benchtop PSU.a(PWM_V.o)
                              .\CortexM0\ARM_GCC_493\Debug\main.o (PWM_V_WriteCompare)
.\CortexM0\ARM_GCC_493\Debug\Benchtop PSU.a(CyBootAsmGnu.o)
                              .\CortexM0\ARM_GCC_493\Debug\main.o (CyDelayCycles)
.\CortexM0\ARM_GCC_493\Debug\Benchtop PSU.a(CyLib.o)
                              .\CortexM0\ARM_GCC_493\Debug\Benchtop PSU.a(cyfitter_cfg.o) (CyIntEnable)
.\CortexM0\ARM_GCC_493\Debug\Benchtop PSU.a(CyLFClk.o)
                              .\CortexM0\ARM_GCC_493\Debug\Benchtop PSU.a(cyfitter_cfg.o) (CySysWdtIsr)
.\CortexM0\ARM_GCC_493\Debug\Benchtop PSU.a(DC.o)
                              .\CortexM0\ARM_GCC_493\Debug\main.o (DC_Write)
.\CortexM0\ARM_GCC_493\Debug\Benchtop PSU.a(ResetLCD.o)
                              .\CortexM0\ARM_GCC_493\Debug\main.o (ResetLCD_Write)
.\CortexM0\ARM_GCC_493\Debug\Benchtop PSU.a(PWM_Brightness.o)
                              .\CortexM0\ARM_GCC_493\Debug\main.o (PWM_Brightness_WriteCompare)
.\CortexM0\ARM_GCC_493\Debug\Benchtop PSU.a(PWM_C.o)
                              .\CortexM0\ARM_GCC_493\Debug\main.o (PWM_C_WriteCompare)
.\CortexM0\ARM_GCC_493\Debug\Benchtop PSU.a(isr_adc.o)
                              .\CortexM0\ARM_GCC_493\Debug\main.o (isr_adc_StartEx)
.\CortexM0\ARM_GCC_493\Debug\Benchtop PSU.a(SPIM_1.o)
                              .\CortexM0\ARM_GCC_493\Debug\main.o (SPIM_1_ReadTxStatus)
.\CortexM0\ARM_GCC_493\Debug\Benchtop PSU.a(SPIM_1_IntClock.o)
                              .\CortexM0\ARM_GCC_493\Debug\Benchtop PSU.a(SPIM_1.o) (SPIM_1_IntClock_Start)
.\CortexM0\ARM_GCC_493\Debug\Benchtop PSU.a(ADC.o)
                              .\CortexM0\ARM_GCC_493\Debug\main.o (ADC_Start)
.\CortexM0\ARM_GCC_493\Debug\Benchtop PSU.a(ADC_INT.o)
                              .\CortexM0\ARM_GCC_493\Debug\Benchtop PSU.a(ADC.o) (ADC_ISR)
.\CortexM0\ARM_GCC_493\Debug\Benchtop PSU.a(isr_vcb.o)
                              .\CortexM0\ARM_GCC_493\Debug\main.o (isr_vcb_StartEx)
.\CortexM0\ARM_GCC_493\Debug\Benchtop PSU.a(QuadDec.o)
                              .\CortexM0\ARM_GCC_493\Debug\main.o (QuadDec_ReadCounter)
.\CortexM0\ARM_GCC_493\Debug\Benchtop PSU.a(isr_quad.o)
                              .\CortexM0\ARM_GCC_493\Debug\main.o (isr_quad_StartEx)
.\CortexM0\ARM_GCC_493\Debug\Benchtop PSU.a(Count7.o)
                              .\CortexM0\ARM_GCC_493\Debug\main.o (Count7_Start)
.\CortexM0\ARM_GCC_493\Debug\Benchtop PSU.a(isr_speed.o)
                              .\CortexM0\ARM_GCC_493\Debug\main.o (isr_speed_StartEx)
c:/program files (x86)/cypress/psoc creator/3.3/psoc creator/import/gnu/arm/4.9.3/bin/../lib/gcc/arm-none-eabi/4.9.3/armv6-m\libgcc.a(_udivsi3.o)
                              .\CortexM0\ARM_GCC_493\Debug\main.o (__aeabi_uidiv)
c:/program files (x86)/cypress/psoc creator/3.3/psoc creator/import/gnu/arm/4.9.3/bin/../lib/gcc/arm-none-eabi/4.9.3/armv6-m\libgcc.a(_divsi3.o)
                              .\CortexM0\ARM_GCC_493\Debug\main.o (__aeabi_idiv)
c:/program files (x86)/cypress/psoc creator/3.3/psoc creator/import/gnu/arm/4.9.3/bin/../lib/gcc/arm-none-eabi/4.9.3/armv6-m\libgcc.a(_dvmd_tls.o)
                              c:/program files (x86)/cypress/psoc creator/3.3/psoc creator/import/gnu/arm/4.9.3/bin/../lib/gcc/arm-none-eabi/4.9.3/armv6-m\libgcc.a(_udivsi3.o) (__aeabi_idiv0)
c:/program files (x86)/cypress/psoc creator/3.3/psoc creator/import/gnu/arm/4.9.3/bin/../lib/gcc/arm-none-eabi/4.9.3/armv6-m\libgcc.a(_aeabi_ldivmod.o)
                              .\CortexM0\ARM_GCC_493\Debug\Benchtop PSU.a(ADC.o) (__aeabi_ldivmod)
c:/program files (x86)/cypress/psoc creator/3.3/psoc creator/import/gnu/arm/4.9.3/bin/../lib/gcc/arm-none-eabi/4.9.3/armv6-m\libgcc.a(_muldi3.o)
                              .\CortexM0\ARM_GCC_493\Debug\Benchtop PSU.a(ADC.o) (__aeabi_lmul)
c:/program files (x86)/cypress/psoc creator/3.3/psoc creator/import/gnu/arm/4.9.3/bin/../lib/gcc/arm-none-eabi/4.9.3/armv6-m\libgcc.a(_fixunsdfsi.o)
                              .\CortexM0\ARM_GCC_493\Debug\main.o (__aeabi_d2uiz)
c:/program files (x86)/cypress/psoc creator/3.3/psoc creator/import/gnu/arm/4.9.3/bin/../lib/gcc/arm-none-eabi/4.9.3/armv6-m\libgcc.a(bpabi.o)
                              c:/program files (x86)/cypress/psoc creator/3.3/psoc creator/import/gnu/arm/4.9.3/bin/../lib/gcc/arm-none-eabi/4.9.3/armv6-m\libgcc.a(_aeabi_ldivmod.o) (__gnu_ldivmod_helper)
c:/program files (x86)/cypress/psoc creator/3.3/psoc creator/import/gnu/arm/4.9.3/bin/../lib/gcc/arm-none-eabi/4.9.3/armv6-m\libgcc.a(divsf3.o)
                              .\CortexM0\ARM_GCC_493\Debug\Benchtop PSU.a(ADC.o) (__aeabi_fdiv)
[...]
Memory Configuration

Name             Origin             Length             Attributes
rom              0x00000000         0x00008000         xr
ram              0x20000000         0x00001000         xrw
*default*        0x00000000         0xffffffff

Linker script and memory map

LOAD c:/program files (x86)/cypress/psoc creator/3.3/psoc creator/import/gnu/arm/4.9.3/bin/../lib/gcc/arm-none-eabi/4.9.3/armv6-m/crti.o
LOAD c:/program files (x86)/cypress/psoc creator/3.3/psoc creator/import/gnu/arm/4.9.3/bin/../lib/gcc/arm-none-eabi/4.9.3/armv6-m/crtbegin.o
LOAD c:/program files (x86)/cypress/psoc creator/3.3/psoc creator/import/gnu/arm/4.9.3/bin/../lib/gcc/arm-none-eabi/4.9.3/../../../../arm-none-eabi/lib/armv6-m/crt0.o
START GROUP
LOAD .\CortexM0\ARM_GCC_493\Debug\main.o
LOAD .\CortexM0\ARM_GCC_493\Debug\cymetadata.o
LOAD .\CortexM0\ARM_GCC_493\Debug\Cm0Start.o
LOAD .\CortexM0\ARM_GCC_493\Debug\cybootloader.o
LOAD .\CortexM0\ARM_GCC_493\Debug\Benchtop PSU.a
LOAD C:\Program Files (x86)\Cypress\PSoC Creator\3.3\PSoC Creator\psoc\content\cycomponentlibrary\CyComponentLibrary.cylib\CortexM0\ARM_GCC_493\Debug\CyComponentLibrary.a
END GROUP
START GROUP
LOAD c:/program files (x86)/cypress/psoc creator/3.3/psoc creator/import/gnu/arm/4.9.3/bin/../lib/gcc/arm-none-eabi/4.9.3/armv6-m\libgcc.a
LOAD c:/program files (x86)/cypress/psoc creator/3.3/psoc creator/import/gnu/arm/4.9.3/bin/../lib/gcc/arm-none-eabi/4.9.3/../../../../arm-none-eabi/lib/armv6-m\libg_nano.a
LOAD c:/program files (x86)/cypress/psoc creator/3.3/psoc creator/import/gnu/arm/4.9.3/bin/../lib/gcc/arm-none-eabi/4.9.3/../../../../arm-none-eabi/lib/armv6-m\libc_nano.a
END GROUP
START GROUP
LOAD c:/program files (x86)/cypress/psoc creator/3.3/psoc creator/import/gnu/arm/4.9.3/bin/../lib/gcc/arm-none-eabi/4.9.3/armv6-m\libgcc.a
LOAD c:/program files (x86)/cypress/psoc creator/3.3/psoc creator/import/gnu/arm/4.9.3/bin/../lib/gcc/arm-none-eabi/4.9.3/../../../../arm-none-eabi/lib/armv6-m\libc_nano.a
END GROUP
LOAD c:/program files (x86)/cypress/psoc creator/3.3/psoc creator/import/gnu/arm/4.9.3/bin/../lib/gcc/arm-none-eabi/4.9.3/armv6-m/crtend.o
LOAD c:/program files (x86)/cypress/psoc creator/3.3/psoc creator/import/gnu/arm/4.9.3/bin/../lib/gcc/arm-none-eabi/4.9.3/armv6-m/crtn.o
START GROUP
LOAD c:/program files (x86)/cypress/psoc creator/3.3/psoc creator/import/gnu/arm/4.9.3/bin/../lib/gcc/arm-none-eabi/4.9.3/armv6-m\libgcc.a
LOAD c:/program files (x86)/cypress/psoc creator/3.3/psoc creator/import/gnu/arm/4.9.3/bin/../lib/gcc/arm-none-eabi/4.9.3/../../../../arm-none-eabi/lib/armv6-m\libc.a
LOAD c:/program files (x86)/cypress/psoc creator/3.3/psoc creator/import/gnu/arm/4.9.3/bin/../lib/gcc/arm-none-eabi/4.9.3/../../../../arm-none-eabi/lib/armv6-m\libnosys.a
END GROUP
                0x00000000                CY_APPL_ORIGIN = 0x0
                0x00000080                CY_FLASH_ROW_SIZE = 0x80
                0x00000001                CY_APPL_NUM = 0x1
                0x00000001                CY_APPL_MAX = 0x1
                0x00000040                CY_METADATA_SIZE = 0x40
                0x00000001                CY_APPL_LOADABLE = 0x1
                0x00000000                CY_CHECKSUM_EXCLUDE_SIZE = ALIGN (0x0, CY_FLASH_ROW_SIZE)
                0x00000000                CY_APP_FOR_STACK_AND_COPIER = 0x0
                0x20000408                PROVIDE (__cy_heap_start, _end)
                0x00000001                PROVIDE (__cy_region_num, ((__cy_regions_end - __cy_regions) / 0x10))
                0x20001000                PROVIDE (__cy_stack, (ORIGIN (ram) + 0x1000))
                0x20000c00                PROVIDE (__cy_heap_end, (__cy_stack - 0x400))

.cybootloader   0x00000000     0x1100
 *(.cybootloader)
 .cybootloader  0x00000000     0x1100 .\CortexM0\ARM_GCC_493\Debug\cybootloader.o
                0x00000000                cy_bootloader
                0x00001100                appl1_start = CY_APPL_ORIGIN?CY_APPL_ORIGIN:ALIGN (CY_FLASH_ROW_SIZE)
                0x00004800                appl2_start = (appl1_start + ALIGN ((((0x8000 - appl1_start) - (0x2 * CY_FLASH_ROW_SIZE)) / 0x2), CY_FLASH_ROW_SIZE))
                0x00001100                appl_start = (CY_APPL_NUM == 0x1)?appl1_start:appl2_start
                0x00000000                cy_project_type_bootloader = (appl_start == 0x0)?0x1:0x0
                0x00000000                cy_project_type_app_for_stack_and_copier = (CY_APP_FOR_STACK_AND_COPIER == 0x1)?0x1:0x0

.text           0x00001100     0x3842
 CREATE_OBJECT_SYMBOLS
                0x00001100                PROVIDE (__cy_interrupt_vector, RomVectors)
 *(.romvectors)
 .romvectors    0x00001100       0x10 .\CortexM0\ARM_GCC_493\Debug\Cm0Start.o
                0x00001100                RomVectors
                0x00000001                ASSERT ((. != __cy_interrupt_vector), No interrupt vector)
                0x00000001                ASSERT (CY_APPL_ORIGIN?(SIZEOF (.cybootloader) <= CY_APPL_ORIGIN):0x1, Wrong image location)
                0x00001110                PROVIDE (__cy_reset, Reset)
 *(.text.Reset)
 .text.Reset    0x00001110       0x10 .\CortexM0\ARM_GCC_493\Debug\Cm0Start.o
                0x00001110                Reset
                0x00000001                ASSERT ((. != __cy_reset), No reset code)
 *(.psocinit)
 .psocinit      0x00001120      0x2a4 .\CortexM0\ARM_GCC_493\Debug\Benchtop PSU.a(cyfitter_cfg.o)
                0x00001224                cyfitter_cfg
                0x000013c4                . = MAX (., 0x100)
 *(.text .text.* .gnu.linkonce.t.*)
 .text          0x000013c4       0x60 c:/program files (x86)/cypress/psoc creator/3.3/psoc creator/import/gnu/arm/4.9.3/bin/../lib/gcc/arm-none-eabi/4.9.3/armv6-m/crtbegin.o
 .text.Speed_ISR
                0x00001424       0x40 .\CortexM0\ARM_GCC_493\Debug\main.o
                0x00001424                Speed_ISR
 .text.LCD_send_command
                0x00001464       0x1c .\CortexM0\ARM_GCC_493\Debug\main.o
                0x00001464                LCD_send_command
 .text.LCD_write_character
                0x00001480       0x30 .\CortexM0\ARM_GCC_493\Debug\main.o
                0x00001480                LCD_write_character
 .text.LCD_write_string
                0x000014b0       0x20 .\CortexM0\ARM_GCC_493\Debug\main.o
                0x000014b0                LCD_write_string
 .text.LCD_set_xy
                0x000014d0       0x20 .\CortexM0\ARM_GCC_493\Debug\main.o
                0x000014d0                LCD_set_xy
 .text.LCD_clear
                0x000014f0       0x20 .\CortexM0\ARM_GCC_493\Debug\main.o
                0x000014f0                LCD_clear
 .text.LCD_set_char_xy
                0x00001510       0x18 .\CortexM0\ARM_GCC_493\Debug\main.o
                0x00001510                LCD_set_char_xy
 .text.LCD_refresh_data
                0x00001528       0xc4 .\CortexM0\ARM_GCC_493\Debug\main.o
                0x00001528                LCD_refresh_data
 .text.BTN_VCB  0x000015ec       0x20 .\CortexM0\ARM_GCC_493\Debug\main.o
                0x000015ec                BTN_VCB
 .text.LCD_write_init
                0x0000160c       0x64 .\CortexM0\ARM_GCC_493\Debug\main.o
                0x0000160c                LCD_write_init
 .text.LCD_setup
                0x00001670       0x54 .\CortexM0\ARM_GCC_493\Debug\main.o
                0x00001670                LCD_setup
 .text.main     0x000016c4       0x8c .\CortexM0\ARM_GCC_493\Debug\main.o
                0x000016c4                main
 .text.ADC_Done
                0x00001750       0xc8 .\CortexM0\ARM_GCC_493\Debug\main.o
                0x00001750                ADC_Done
 .text.update_PWM
                0x00001818       0x34 .\CortexM0\ARM_GCC_493\Debug\main.o
                0x00001818                update_PWM
 .text.Quad_ISR
                0x0000184c      0x108 .\CortexM0\ARM_GCC_493\Debug\main.o
                0x0000184c                Quad_ISR
 .text.IntDefaultHandler
                0x00001954        0x4 .\CortexM0\ARM_GCC_493\Debug\Cm0Start.o
                0x00001954                IntDefaultHandler
 .text._sbrk    0x00001958       0x30 .\CortexM0\ARM_GCC_493\Debug\Cm0Start.o
                0x00001958                _sbrk
 .text.Start_c  0x00001988       0x48 .\CortexM0\ARM_GCC_493\Debug\Cm0Start.o
                0x00001988                Start_c
 .text.initialize_psoc
                0x000019d0       0x58 .\CortexM0\ARM_GCC_493\Debug\Cm0Start.o
                0x000019d0                initialize_psoc
 .text.cfg_write_bytes32
                0x00001a28       0x34 .\CortexM0\ARM_GCC_493\Debug\Benchtop PSU.a(cyfitter_cfg.o)
 .text.AnalogSetDefault
                0x00001a5c       0x14 .\CortexM0\ARM_GCC_493\Debug\Benchtop PSU.a(cyfitter_cfg.o)
 .text.CYMEMZERO
                0x00001a70        0xc .\CortexM0\ARM_GCC_493\Debug\Benchtop PSU.a(cyfitter_cfg.o)
 .text.CYCONFIGCPYCODE
                0x00001a7c        0x8 .\CortexM0\ARM_GCC_493\Debug\Benchtop PSU.a(cyfitter_cfg.o)
 .text.PWM_V_WriteCounter
                0x00001a84       0x10 .\CortexM0\ARM_GCC_493\Debug\Benchtop PSU.a(PWM_V.o)
                0x00001a84                PWM_V_WriteCounter
 .text.PWM_V_WritePeriod
                0x00001a94       0x10 .\CortexM0\ARM_GCC_493\Debug\Benchtop PSU.a(PWM_V.o)
                0x00001a94                PWM_V_WritePeriod
 .text.PWM_V_WriteCompare
                0x00001aa4       0x10 .\CortexM0\ARM_GCC_493\Debug\Benchtop PSU.a(PWM_V.o)
                0x00001aa4                PWM_V_WriteCompare
 .text.PWM_V_TriggerCommand
                0x00001ab4       0x1c .\CortexM0\ARM_GCC_493\Debug\Benchtop PSU.a(PWM_V.o)
                0x00001ab4                PWM_V_TriggerCommand
 .text.PWM_V_Enable
                0x00001ad0       0x24 .\CortexM0\ARM_GCC_493\Debug\Benchtop PSU.a(PWM_V.o)
                0x00001ad0                PWM_V_Enable
 .text.PWM_V_SetInterruptMode
                0x00001af4        0xc .\CortexM0\ARM_GCC_493\Debug\Benchtop PSU.a(PWM_V.o)
                0x00001af4                PWM_V_SetInterruptMode
 .text.PWM_V_Init
                0x00001b00       0x48 .\CortexM0\ARM_GCC_493\Debug\Benchtop PSU.a(PWM_V.o)
                0x00001b00                PWM_V_Init
 .text.PWM_V_Start
                0x00001b48       0x20 .\CortexM0\ARM_GCC_493\Debug\Benchtop PSU.a(PWM_V.o)
                0x00001b48                PWM_V_Start
 .text          0x00001b68       0x28 .\CortexM0\ARM_GCC_493\Debug\Benchtop PSU.a(CyBootAsmGnu.o)
                0x00001b68                CyDelayCycles
                0x00001b7c                CyEnterCriticalSection
                0x00001b84                CyExitCriticalSection
 .text.CyIntEnable
                0x00001b90       0x14 .\CortexM0\ARM_GCC_493\Debug\Benchtop PSU.a(CyLib.o)
                0x00001b90                CyIntEnable
 .text.CyHalt   0x00001ba4        0x4 .\CortexM0\ARM_GCC_493\Debug\Benchtop PSU.a(CyLib.o)
                0x00001ba4                CyHalt
 .text.CyIntSetVector
                0x00001ba8       0x24 .\CortexM0\ARM_GCC_493\Debug\Benchtop PSU.a(CyLib.o)
                0x00001ba8                CyIntSetVector
 .text.CyIntSetPriority
                0x00001bcc       0x4c .\CortexM0\ARM_GCC_493\Debug\Benchtop PSU.a(CyLib.o)
                0x00001bcc                CyIntSetPriority
 .text.CyDelayUs
                0x00001c18       0x14 .\CortexM0\ARM_GCC_493\Debug\Benchtop PSU.a(CyLib.o)
                0x00001c18                CyDelayUs
 .text.CySysClkWriteImoFreq
                0x00001c2c      0x164 .\CortexM0\ARM_GCC_493\Debug\Benchtop PSU.a(CyLib.o)
                0x00001c2c                CySysClkWriteImoFreq
 .text.CySysWdtLocked
                0x00001d90       0x14 .\CortexM0\ARM_GCC_493\Debug\Benchtop PSU.a(CyLFClk.o)
 .text.CySysWdtLock
                0x00001da4       0x1c .\CortexM0\ARM_GCC_493\Debug\Benchtop PSU.a(CyLFClk.o)
                0x00001da4                CySysWdtLock
 .text.CySysWdtUnlock
                0x00001dc0       0x30 .\CortexM0\ARM_GCC_493\Debug\Benchtop PSU.a(CyLFClk.o)
                0x00001dc0                CySysWdtUnlock
 .text.CySysWdtClearInterrupt
                0x00001df0       0x4c .\CortexM0\ARM_GCC_493\Debug\Benchtop PSU.a(CyLFClk.o)
                0x00001df0                CySysWdtClearInterrupt
 .text.CySysWdtIsr
                0x00001e3c       0xa4 .\CortexM0\ARM_GCC_493\Debug\Benchtop PSU.a(CyLFClk.o)
                0x00001e3c                CySysWdtIsr
 .text.DC_Write
                0x00001ee0       0x18 .\CortexM0\ARM_GCC_493\Debug\Benchtop PSU.a(DC.o)
                0x00001ee0                DC_Write
 .text.ResetLCD_Write
                0x00001ef8       0x18 .\CortexM0\ARM_GCC_493\Debug\Benchtop PSU.a(ResetLCD.o)
                0x00001ef8                ResetLCD_Write
 .text.PWM_Brightness_WriteCounter
                0x00001f10       0x10 .\CortexM0\ARM_GCC_493\Debug\Benchtop PSU.a(PWM_Brightness.o)
                0x00001f10                PWM_Brightness_WriteCounter
 .text.PWM_Brightness_WritePeriod
                0x00001f20       0x10 .\CortexM0\ARM_GCC_493\Debug\Benchtop PSU.a(PWM_Brightness.o)
                0x00001f20                PWM_Brightness_WritePeriod
 .text.PWM_Brightness_WriteCompare
                0x00001f30       0x10 .\CortexM0\ARM_GCC_493\Debug\Benchtop PSU.a(PWM_Brightness.o)
                0x00001f30                PWM_Brightness_WriteCompare
 .text.PWM_Brightness_TriggerCommand
                0x00001f40       0x1c .\CortexM0\ARM_GCC_493\Debug\Benchtop PSU.a(PWM_Brightness.o)
                0x00001f40                PWM_Brightness_TriggerCommand
 .text.PWM_Brightness_Enable
                0x00001f5c       0x24 .\CortexM0\ARM_GCC_493\Debug\Benchtop PSU.a(PWM_Brightness.o)
                0x00001f5c                PWM_Brightness_Enable
 .text.PWM_Brightness_SetInterruptMode
                0x00001f80        0xc .\CortexM0\ARM_GCC_493\Debug\Benchtop PSU.a(PWM_Brightness.o)
                0x00001f80                PWM_Brightness_SetInterruptMode
 .text.PWM_Brightness_Init
                0x00001f8c       0x48 .\CortexM0\ARM_GCC_493\Debug\Benchtop PSU.a(PWM_Brightness.o)
                0x00001f8c                PWM_Brightness_Init
 .text.PWM_Brightness_Start
                0x00001fd4       0x20 .\CortexM0\ARM_GCC_493\Debug\Benchtop PSU.a(PWM_Brightness.o)
                0x00001fd4                PWM_Brightness_Start
 .text.PWM_C_WriteCounter
                0x00001ff4       0x10 .\CortexM0\ARM_GCC_493\Debug\Benchtop PSU.a(PWM_C.o)
                0x00001ff4                PWM_C_WriteCounter
 .text.PWM_C_WritePeriod
                0x00002004       0x10 .\CortexM0\ARM_GCC_493\Debug\Benchtop PSU.a(PWM_C.o)
                0x00002004                PWM_C_WritePeriod
 .text.PWM_C_WriteCompare
                0x00002014       0x10 .\CortexM0\ARM_GCC_493\Debug\Benchtop PSU.a(PWM_C.o)
                0x00002014                PWM_C_WriteCompare
 .text.PWM_C_TriggerCommand
                0x00002024       0x1c .\CortexM0\ARM_GCC_493\Debug\Benchtop PSU.a(PWM_C.o)
                0x00002024                PWM_C_TriggerCommand
 .text.PWM_C_Enable
                0x00002040       0x24 .\CortexM0\ARM_GCC_493\Debug\Benchtop PSU.a(PWM_C.o)
                0x00002040                PWM_C_Enable
 .text.PWM_C_SetInterruptMode
                0x00002064        0xc .\CortexM0\ARM_GCC_493\Debug\Benchtop PSU.a(PWM_C.o)
                0x00002064                PWM_C_SetInterruptMode
 .text.PWM_C_Init
                0x00002070       0x48 .\CortexM0\ARM_GCC_493\Debug\Benchtop PSU.a(PWM_C.o)
                0x00002070                PWM_C_Init
 .text.PWM_C_Start
                0x000020b8       0x20 .\CortexM0\ARM_GCC_493\Debug\Benchtop PSU.a(PWM_C.o)
                0x000020b8                PWM_C_Start
 .text.isr_adc_SetVector
                0x000020d8        0xc .\CortexM0\ARM_GCC_493\Debug\Benchtop PSU.a(isr_adc.o)
                0x000020d8                isr_adc_SetVector
 .text.isr_adc_SetPriority
                0x000020e4       0x20 .\CortexM0\ARM_GCC_493\Debug\Benchtop PSU.a(isr_adc.o)
                0x000020e4                isr_adc_SetPriority
 .text.isr_adc_Enable
                0x00002104        0xc .\CortexM0\ARM_GCC_493\Debug\Benchtop PSU.a(isr_adc.o)
                0x00002104                isr_adc_Enable
 .text.isr_adc_Disable
                0x00002110        0xc .\CortexM0\ARM_GCC_493\Debug\Benchtop PSU.a(isr_adc.o)
                0x00002110                isr_adc_Disable
 .text.isr_adc_StartEx
                0x0000211c       0x1c .\CortexM0\ARM_GCC_493\Debug\Benchtop PSU.a(isr_adc.o)
                0x0000211c                isr_adc_StartEx
 .text.isr_adc_ClearPending
                0x00002138        0xc .\CortexM0\ARM_GCC_493\Debug\Benchtop PSU.a(isr_adc.o)
                0x00002138                isr_adc_ClearPending
 .text.SPIM_1_Enable
                0x00002144       0x3c .\CortexM0\ARM_GCC_493\Debug\Benchtop PSU.a(SPIM_1.o)
                0x00002144                SPIM_1_Enable
 .text.SPIM_1_ReadTxStatus
                0x00002180        0xc .\CortexM0\ARM_GCC_493\Debug\Benchtop PSU.a(SPIM_1.o)
                0x00002180                SPIM_1_ReadTxStatus
 .text.SPIM_1_ReadRxStatus
                0x0000218c        0xc .\CortexM0\ARM_GCC_493\Debug\Benchtop PSU.a(SPIM_1.o)
                0x0000218c                SPIM_1_ReadRxStatus
 .text.SPIM_1_WriteTxData
                0x00002198       0x18 .\CortexM0\ARM_GCC_493\Debug\Benchtop PSU.a(SPIM_1.o)
                0x00002198                SPIM_1_WriteTxData
 .text.SPIM_1_PutArray
                0x000021b0       0x20 .\CortexM0\ARM_GCC_493\Debug\Benchtop PSU.a(SPIM_1.o)
                0x000021b0                SPIM_1_PutArray
 .text.SPIM_1_ClearFIFO
                0x000021d0       0x38 .\CortexM0\ARM_GCC_493\Debug\Benchtop PSU.a(SPIM_1.o)
                0x000021d0                SPIM_1_ClearFIFO
 .text.SPIM_1_Init
                0x00002208       0x2c .\CortexM0\ARM_GCC_493\Debug\Benchtop PSU.a(SPIM_1.o)
                0x00002208                SPIM_1_Init
 .text.SPIM_1_Start
                0x00002234       0x20 .\CortexM0\ARM_GCC_493\Debug\Benchtop PSU.a(SPIM_1.o)
                0x00002234                SPIM_1_Start
 .text.SPIM_1_IntClock_Start
                0x00002254       0x14 .\CortexM0\ARM_GCC_493\Debug\Benchtop PSU.a(SPIM_1_IntClock.o)
                0x00002254                SPIM_1_IntClock_Start
 .text.ADC_Init
                0x00002268      0x17c .\CortexM0\ARM_GCC_493\Debug\Benchtop PSU.a(ADC.o)
                0x00002268                ADC_Init
 .text.ADC_Enable
                0x000023e4       0x24 .\CortexM0\ARM_GCC_493\Debug\Benchtop PSU.a(ADC.o)
                0x000023e4                ADC_Enable
 .text.ADC_Start
                0x00002408       0x20 .\CortexM0\ARM_GCC_493\Debug\Benchtop PSU.a(ADC.o)
                0x00002408                ADC_Start
 .text.ADC_StartConvert
                0x00002428        0xc .\CortexM0\ARM_GCC_493\Debug\Benchtop PSU.a(ADC.o)
                0x00002428                ADC_StartConvert
 .text.ADC_IsEndConversion
                0x00002434       0x28 .\CortexM0\ARM_GCC_493\Debug\Benchtop PSU.a(ADC.o)
                0x00002434                ADC_IsEndConversion
 .text.ADC_GetResult16
                0x0000245c       0x2c .\CortexM0\ARM_GCC_493\Debug\Benchtop PSU.a(ADC.o)
                0x0000245c                ADC_GetResult16
 .text.ADC_ISR  0x00002488        0xc .\CortexM0\ARM_GCC_493\Debug\Benchtop PSU.a(ADC_INT.o)
                0x00002488                ADC_ISR
 .text.isr_vcb_SetVector
                0x00002494        0xc .\CortexM0\ARM_GCC_493\Debug\Benchtop PSU.a(isr_vcb.o)
                0x00002494                isr_vcb_SetVector
 .text.isr_vcb_SetPriority
                0x000024a0       0x20 .\CortexM0\ARM_GCC_493\Debug\Benchtop PSU.a(isr_vcb.o)
                0x000024a0                isr_vcb_SetPriority
 .text.isr_vcb_Enable
                0x000024c0        0xc .\CortexM0\ARM_GCC_493\Debug\Benchtop PSU.a(isr_vcb.o)
                0x000024c0                isr_vcb_Enable
 .text.isr_vcb_Disable
                0x000024cc        0xc .\CortexM0\ARM_GCC_493\Debug\Benchtop PSU.a(isr_vcb.o)
                0x000024cc                isr_vcb_Disable
 .text.isr_vcb_StartEx
                0x000024d8       0x1c .\CortexM0\ARM_GCC_493\Debug\Benchtop PSU.a(isr_vcb.o)
                0x000024d8                isr_vcb_StartEx
 .text.isr_vcb_ClearPending
                0x000024f4        0xc .\CortexM0\ARM_GCC_493\Debug\Benchtop PSU.a(isr_vcb.o)
                0x000024f4                isr_vcb_ClearPending
 .text.QuadDec_WriteCounter
                0x00002500       0x10 .\CortexM0\ARM_GCC_493\Debug\Benchtop PSU.a(QuadDec.o)
                0x00002500                QuadDec_WriteCounter
 .text.QuadDec_ReadCounter
                0x00002510       0x10 .\CortexM0\ARM_GCC_493\Debug\Benchtop PSU.a(QuadDec.o)
                0x00002510                QuadDec_ReadCounter
 .text.QuadDec_SetCounterMode
                0x00002520       0x28 .\CortexM0\ARM_GCC_493\Debug\Benchtop PSU.a(QuadDec.o)
                0x00002520                QuadDec_SetCounterMode
 .text.QuadDec_WritePeriod
                0x00002548       0x10 .\CortexM0\ARM_GCC_493\Debug\Benchtop PSU.a(QuadDec.o)
                0x00002548                QuadDec_WritePeriod
 .text.QuadDec_TriggerCommand
                0x00002558       0x1c .\CortexM0\ARM_GCC_493\Debug\Benchtop PSU.a(QuadDec.o)
                0x00002558                QuadDec_TriggerCommand
 .text.QuadDec_Enable
                0x00002574       0x24 .\CortexM0\ARM_GCC_493\Debug\Benchtop PSU.a(QuadDec.o)
                0x00002574                QuadDec_Enable
 .text.QuadDec_SetInterruptMode
                0x00002598        0xc .\CortexM0\ARM_GCC_493\Debug\Benchtop PSU.a(QuadDec.o)
                0x00002598                QuadDec_SetInterruptMode
 .text.QuadDec_Init
                0x000025a4       0x3c .\CortexM0\ARM_GCC_493\Debug\Benchtop PSU.a(QuadDec.o)
                0x000025a4                QuadDec_Init
 .text.QuadDec_Start
                0x000025e0       0x20 .\CortexM0\ARM_GCC_493\Debug\Benchtop PSU.a(QuadDec.o)
                0x000025e0                QuadDec_Start
 .text.isr_quad_SetVector
                0x00002600        0xc .\CortexM0\ARM_GCC_493\Debug\Benchtop PSU.a(isr_quad.o)
                0x00002600                isr_quad_SetVector
 .text.isr_quad_SetPriority
                0x0000260c       0x20 .\CortexM0\ARM_GCC_493\Debug\Benchtop PSU.a(isr_quad.o)
                0x0000260c                isr_quad_SetPriority
 .text.isr_quad_Enable
                0x0000262c       0x10 .\CortexM0\ARM_GCC_493\Debug\Benchtop PSU.a(isr_quad.o)
                0x0000262c                isr_quad_Enable
 .text.isr_quad_Disable
                0x0000263c       0x10 .\CortexM0\ARM_GCC_493\Debug\Benchtop PSU.a(isr_quad.o)
                0x0000263c                isr_quad_Disable
 .text.isr_quad_StartEx
                0x0000264c       0x1c .\CortexM0\ARM_GCC_493\Debug\Benchtop PSU.a(isr_quad.o)
                0x0000264c                isr_quad_StartEx
 .text.isr_quad_ClearPending
                0x00002668       0x10 .\CortexM0\ARM_GCC_493\Debug\Benchtop PSU.a(isr_quad.o)
                0x00002668                isr_quad_ClearPending
 .text.Count7_Init
                0x00002678        0xc .\CortexM0\ARM_GCC_493\Debug\Benchtop PSU.a(Count7.o)
                0x00002678                Count7_Init
 .text.Count7_Enable
                0x00002684       0x1c .\CortexM0\ARM_GCC_493\Debug\Benchtop PSU.a(Count7.o)
                0x00002684                Count7_Enable
 .text.Count7_Start
                0x000026a0       0x20 .\CortexM0\ARM_GCC_493\Debug\Benchtop PSU.a(Count7.o)
                0x000026a0                Count7_Start
 .text.isr_speed_SetVector
                0x000026c0        0xc .\CortexM0\ARM_GCC_493\Debug\Benchtop PSU.a(isr_speed.o)
                0x000026c0                isr_speed_SetVector
 .text.isr_speed_SetPriority
                0x000026cc       0x24 .\CortexM0\ARM_GCC_493\Debug\Benchtop PSU.a(isr_speed.o)
                0x000026cc                isr_speed_SetPriority
 .text.isr_speed_Enable
                0x000026f0        0xc .\CortexM0\ARM_GCC_493\Debug\Benchtop PSU.a(isr_speed.o)
                0x000026f0                isr_speed_Enable
 .text.isr_speed_Disable
                0x000026fc        0xc .\CortexM0\ARM_GCC_493\Debug\Benchtop PSU.a(isr_speed.o)
                0x000026fc                isr_speed_Disable
 .text.isr_speed_StartEx
                0x00002708       0x1c .\CortexM0\ARM_GCC_493\Debug\Benchtop PSU.a(isr_speed.o)
                0x00002708                isr_speed_StartEx
 .text.isr_speed_ClearPending
                0x00002724        0xc .\CortexM0\ARM_GCC_493\Debug\Benchtop PSU.a(isr_speed.o)
                0x00002724                isr_speed_ClearPending
 .text          0x00002730      0x120 c:/program files (x86)/cypress/psoc creator/3.3/psoc creator/import/gnu/arm/4.9.3/bin/../lib/gcc/arm-none-eabi/4.9.3/armv6-m\libgcc.a(_udivsi3.o)
                0x00002730                __aeabi_uidiv
                0x00002730                __udivsi3
                0x0000283c                __aeabi_uidivmod
 .text          0x00002850      0x1e0 c:/program files (x86)/cypress/psoc creator/3.3/psoc creator/import/gnu/arm/4.9.3/bin/../lib/gcc/arm-none-eabi/4.9.3/armv6-m\libgcc.a(_divsi3.o)
                0x00002850                __divsi3
                0x00002850                __aeabi_idiv
                0x00002a1c                __aeabi_idivmod
 .text          0x00002a30        0x4 c:/program files (x86)/cypress/psoc creator/3.3/psoc creator/import/gnu/arm/4.9.3/bin/../lib/gcc/arm-none-eabi/4.9.3/armv6-m\libgcc.a(_dvmd_tls.o)
                0x00002a30                __aeabi_idiv0
                0x00002a30                __aeabi_ldiv0
 .text          0x00002a34       0x3c c:/program files (x86)/cypress/psoc creator/3.3/psoc creator/import/gnu/arm/4.9.3/bin/../lib/gcc/arm-none-eabi/4.9.3/armv6-m\libgcc.a(_fixunsdfsi.o)
                0x00002a34                __aeabi_d2uiz
                0x00002a34                __fixunsdfsi
 .text          0x00002a70      0x650 c:/program files (x86)/cypress/psoc creator/3.3/psoc creator/import/gnu/arm/4.9.3/bin/../lib/gcc/arm-none-eabi/4.9.3/armv6-m\libgcc.a(adddf3.o)
                0x00002a70                __aeabi_dadd
 .text          0x000030c0      0x534 c:/program files (x86)/cypress/psoc creator/3.3/psoc creator/import/gnu/arm/4.9.3/bin/../lib/gcc/arm-none-eabi/4.9.3/armv6-m\libgcc.a(muldf3.o)
                0x000030c0                __aeabi_dmul
 .text          0x000035f4      0x6f4 c:/program files (x86)/cypress/psoc creator/3.3/psoc creator/import/gnu/arm/4.9.3/bin/../lib/gcc/arm-none-eabi/4.9.3/armv6-m\libgcc.a(subdf3.o)
                0x000035f4                __aeabi_dsub
 .text          0x00003ce8       0x6c c:/program files (x86)/cypress/psoc creator/3.3/psoc creator/import/gnu/arm/4.9.3/bin/../lib/gcc/arm-none-eabi/4.9.3/armv6-m\libgcc.a(fixdfsi.o)
                0x00003ce8                __aeabi_d2iz
 .text          0x00003d54       0x78 c:/program files (x86)/cypress/psoc creator/3.3/psoc creator/import/gnu/arm/4.9.3/bin/../lib/gcc/arm-none-eabi/4.9.3/armv6-m\libgcc.a(floatsidf.o)
                0x00003d54                __aeabi_i2d
 .text          0x00003dcc       0x7c c:/program files (x86)/cypress/psoc creator/3.3/psoc creator/import/gnu/arm/4.9.3/bin/../lib/gcc/arm-none-eabi/4.9.3/armv6-m\libgcc.a(_arm_cmpdf2.o)
                0x00003dcc                __aeabi_cdrcmple
                0x00003ddc                __aeabi_cdcmple
                0x00003ddc                __aeabi_cdcmpeq
                0x00003dec                __aeabi_dcmpeq
                0x00003df8                __aeabi_dcmplt
                0x00003e0c                __aeabi_dcmple
                0x00003e20                __aeabi_dcmpgt
                0x00003e34                __aeabi_dcmpge
 .text          0x00003e48       0x3c c:/program files (x86)/cypress/psoc creator/3.3/psoc creator/import/gnu/arm/4.9.3/bin/../lib/gcc/arm-none-eabi/4.9.3/armv6-m\libgcc.a(_clzsi2.o)
                0x00003e48                __clzsi2
 .text          0x00003e84       0x88 c:/program files (x86)/cypress/psoc creator/3.3/psoc creator/import/gnu/arm/4.9.3/bin/../lib/gcc/arm-none-eabi/4.9.3/armv6-m\libgcc.a(eqdf2.o)
                0x00003e84                __nedf2
                0x00003e84                __eqdf2
 .text          0x00003f0c       0xe0 c:/program files (x86)/cypress/psoc creator/3.3/psoc creator/import/gnu/arm/4.9.3/bin/../lib/gcc/arm-none-eabi/4.9.3/armv6-m\libgcc.a(gedf2.o)
                0x00003f0c                __gedf2
                0x00003f0c                __gtdf2
 .text          0x00003fec       0xcc c:/program files (x86)/cypress/psoc creator/3.3/psoc creator/import/gnu/arm/4.9.3/bin/../lib/gcc/arm-none-eabi/4.9.3/armv6-m\libgcc.a(ledf2.o)
                0x00003fec                __ledf2
                0x00003fec                __ltdf2
 .text.__errno  0x000040b8        0xc c:/program files (x86)/cypress/psoc creator/3.3/psoc creator/import/gnu/arm/4.9.3/bin/../lib/gcc/arm-none-eabi/4.9.3/../../../../arm-none-eabi/lib/armv6-m\libg_nano.a(lib_a-errno.o)
                0x000040b8                __errno
 .text.__libc_init_array
                0x000040c4       0x4c c:/program files (x86)/cypress/psoc creator/3.3/psoc creator/import/gnu/arm/4.9.3/bin/../lib/gcc/arm-none-eabi/4.9.3/../../../../arm-none-eabi/lib/armv6-m\libg_nano.a(lib_a-init.o)
                0x000040c4                __libc_init_array
 .text.memcpy   0x00004110       0x12 c:/program files (x86)/cypress/psoc creator/3.3/psoc creator/import/gnu/arm/4.9.3/bin/../lib/gcc/arm-none-eabi/4.9.3/../../../../arm-none-eabi/lib/armv6-m\libg_nano.a(lib_a-memcpy.o)
                0x00004110                memcpy
 .text.memset   0x00004122       0x10 c:/program files (x86)/cypress/psoc creator/3.3/psoc creator/import/gnu/arm/4.9.3/bin/../lib/gcc/arm-none-eabi/4.9.3/../../../../arm-none-eabi/lib/armv6-m\libg_nano.a(lib_a-memset.o)
                0x00004122                memset
 *fill*         0x00004132        0x2 
 .text.sprintf  0x00004134       0x44 c:/program files (x86)/cypress/psoc creator/3.3/psoc creator/import/gnu/arm/4.9.3/bin/../lib/gcc/arm-none-eabi/4.9.3/../../../../arm-none-eabi/lib/armv6-m\libg_nano.a(lib_a-sprintf.o)
                0x00004134                siprintf
                0x00004134                sprintf
 .text.strlen   0x00004178        0xe c:/program files (x86)/cypress/psoc creator/3.3/psoc creator/import/gnu/arm/4.9.3/bin/../lib/gcc/arm-none-eabi/4.9.3/../../../../arm-none-eabi/lib/armv6-m\libg_nano.a(lib_a-strlen.o)
                0x00004178                strlen
 *fill*         0x00004186        0x2 
 .text.__ssputs_r
                0x00004188       0xc0 c:/program files (x86)/cypress/psoc creator/3.3/psoc creator/import/gnu/arm/4.9.3/bin/../lib/gcc/arm-none-eabi/4.9.3/../../../../arm-none-eabi/lib/armv6-m\libg_nano.a(lib_a-nano-svfprintf.o)
                0x00004188                __ssputs_r
 .text._svfprintf_r
                0x00004248      0x1ec c:/program files (x86)/cypress/psoc creator/3.3/psoc creator/import/gnu/arm/4.9.3/bin/../lib/gcc/arm-none-eabi/4.9.3/../../../../arm-none-eabi/lib/armv6-m\libg_nano.a(lib_a-nano-svfprintf.o)
                0x00004248                _svfiprintf_r
                0x00004248                _svfprintf_r
 .text._printf_common
                0x00004434       0xdc c:/program files (x86)/cypress/psoc creator/3.3/psoc creator/import/gnu/arm/4.9.3/bin/../lib/gcc/arm-none-eabi/4.9.3/../../../../arm-none-eabi/lib/armv6-m\libg_nano.a(lib_a-nano-vfprintf_i.o)
                0x00004434                _printf_common
 .text._printf_i
                0x00004510      0x230 c:/program files (x86)/cypress/psoc creator/3.3/psoc creator/import/gnu/arm/4.9.3/bin/../lib/gcc/arm-none-eabi/4.9.3/../../../../arm-none-eabi/lib/armv6-m\libg_nano.a(lib_a-nano-vfprintf_i.o)
                0x00004510                _printf_i
 .text.memchr   0x00004740       0x16 c:/program files (x86)/cypress/psoc creator/3.3/psoc creator/import/gnu/arm/4.9.3/bin/../lib/gcc/arm-none-eabi/4.9.3/../../../../arm-none-eabi/lib/armv6-m\libg_nano.a(lib_a-memchr.o)
                0x00004740                memchr
 .text.memmove  0x00004756       0x28 c:/program files (x86)/cypress/psoc creator/3.3/psoc creator/import/gnu/arm/4.9.3/bin/../lib/gcc/arm-none-eabi/4.9.3/../../../../arm-none-eabi/lib/armv6-m\libg_nano.a(lib_a-memmove.o)
                0x00004756                memmove
 *fill*         0x0000477e        0x2 
 .text._free_r  0x00004780       0x8c c:/program files (x86)/cypress/psoc creator/3.3/psoc creator/import/gnu/arm/4.9.3/bin/../lib/gcc/arm-none-eabi/4.9.3/../../../../arm-none-eabi/lib/armv6-m\libg_nano.a(lib_a-nano-freer.o)
                0x00004780                _free_r
 .text._malloc_r
                0x0000480c       0xb0 c:/program files (x86)/cypress/psoc creator/3.3/psoc creator/import/gnu/arm/4.9.3/bin/../lib/gcc/arm-none-eabi/4.9.3/../../../../arm-none-eabi/lib/armv6-m\libg_nano.a(lib_a-nano-mallocr.o)
                0x0000480c                _malloc_r
 .text._realloc_r
                0x000048bc       0x4c c:/program files (x86)/cypress/psoc creator/3.3/psoc creator/import/gnu/arm/4.9.3/bin/../lib/gcc/arm-none-eabi/4.9.3/../../../../arm-none-eabi/lib/armv6-m\libg_nano.a(lib_a-nano-reallocr.o)
                0x000048bc                _realloc_r
 .text._sbrk_r  0x00004908       0x24 c:/program files (x86)/cypress/psoc creator/3.3/psoc creator/import/gnu/arm/4.9.3/bin/../lib/gcc/arm-none-eabi/4.9.3/../../../../arm-none-eabi/lib/armv6-m\libg_nano.a(lib_a-sbrkr.o)
                0x00004908                _sbrk_r
 .text._malloc_usable_size_r
                0x0000492c       0x16 c:/program files (x86)/cypress/psoc creator/3.3/psoc creator/import/gnu/arm/4.9.3/bin/../lib/gcc/arm-none-eabi/4.9.3/../../../../arm-none-eabi/lib/armv6-m\libg_nano.a(lib_a-nano-msizer.o)
                0x0000492c                _malloc_usable_size_r
 *(.plt)
 *(.gnu.warning)
 *(.glue_7t)
 .glue_7t       0x00000000        0x0 linker stubs
 *(.glue_7)
 .glue_7        0x00000000        0x0 linker stubs
 *(.vfp11_veneer)
 .vfp11_veneer  0x00000000        0x0 linker stubs
 *(.bootloader)
 *(.ARM.extab* .gnu.linkonce.armextab.*)
 *(.gcc_except_table)

.v4_bx          0x00004944        0x0
 .v4_bx         0x00000000        0x0 linker stubs

.iplt           0x00004944        0x0
 .iplt          0x00000000        0x0 c:/program files (x86)/cypress/psoc creator/3.3/psoc creator/import/gnu/arm/4.9.3/bin/../lib/gcc/arm-none-eabi/4.9.3/armv6-m/crtbegin.o

.eh_frame_hdr
 *(.eh_frame_hdr)

.eh_frame       0x00004944        0x4
 *(.eh_frame)
 .eh_frame      0x00004944        0x0 c:/program files (x86)/cypress/psoc creator/3.3/psoc creator/import/gnu/arm/4.9.3/bin/../lib/gcc/arm-none-eabi/4.9.3/armv6-m/crtbegin.o
 .eh_frame      0x00004944        0x4 c:/program files (x86)/cypress/psoc creator/3.3/psoc creator/import/gnu/arm/4.9.3/bin/../lib/gcc/arm-none-eabi/4.9.3/armv6-m/crtend.o
                0x00004948                PROVIDE (__exidx_start, .)

.ARM.exidx
 *(.ARM.exidx* .gnu.linkonce.armexidx.*)
                0x00004948                __exidx_end = .

.rodata         0x00004948      0x410
 *(.rodata .rodata.* .gnu.linkonce.r.*)
 .rodata.str1.4
                0x00004948       0x78 .\CortexM0\ARM_GCC_493\Debug\main.o
 .rodata        0x000049c0      0x2b0 .\CortexM0\ARM_GCC_493\Debug\Benchtop PSU.a(cyfitter_cfg.o)
 .rodata        0x00004c70       0x30 .\CortexM0\ARM_GCC_493\Debug\Benchtop PSU.a(CyLib.o)
                0x00004c70                cyImoFreqMhz2Reg
 .rodata        0x00004ca0        0xc .\CortexM0\ARM_GCC_493\Debug\Benchtop PSU.a(ADC.o)
 .rodata        0x00004cac       0x40 c:/program files (x86)/cypress/psoc creator/3.3/psoc creator/import/gnu/arm/4.9.3/bin/../lib/gcc/arm-none-eabi/4.9.3/armv6-m\libgcc.a(muldf3.o)
 .rodata.str1.1
                0x00004cec        0x2 c:/program files (x86)/cypress/psoc creator/3.3/psoc creator/import/gnu/arm/4.9.3/bin/../lib/gcc/arm-none-eabi/4.9.3/../../../../arm-none-eabi/lib/armv6-m\libg_nano.a(lib_a-impure.o)
 .rodata.str1.1
                0x00004cee       0x11 c:/program files (x86)/cypress/psoc creator/3.3/psoc creator/import/gnu/arm/4.9.3/bin/../lib/gcc/arm-none-eabi/4.9.3/../../../../arm-none-eabi/lib/armv6-m\libg_nano.a(lib_a-nano-svfprintf.o)
 .rodata.str1.1
                0x00004cff       0x22 c:/program files (x86)/cypress/psoc creator/3.3/psoc creator/import/gnu/arm/4.9.3/bin/../lib/gcc/arm-none-eabi/4.9.3/../../../../arm-none-eabi/lib/armv6-m\libg_nano.a(lib_a-nano-vfprintf_i.o)
                0x00004d24                . = ALIGN (0x4)
 *fill*         0x00004d21        0x3 
 *(.init)
 .init          0x00004d24        0x4 c:/program files (x86)/cypress/psoc creator/3.3/psoc creator/import/gnu/arm/4.9.3/bin/../lib/gcc/arm-none-eabi/4.9.3/armv6-m/crti.o
                0x00004d24                _init
 .init          0x00004d28        0x8 c:/program files (x86)/cypress/psoc creator/3.3/psoc creator/import/gnu/arm/4.9.3/bin/../lib/gcc/arm-none-eabi/4.9.3/armv6-m/crtn.o
                0x00004d30                . = ALIGN (0x4)
                0x00004d30                __preinit_array_start = .
 *(.preinit_array)
                0x00004d30                __preinit_array_end = .
                0x00004d30                . = ALIGN (0x4)
                0x00004d30                __init_array_start = .
 *(SORT(.init_array.*))
 *(.init_array)
 .init_array    0x00004d30        0x4 c:/program files (x86)/cypress/psoc creator/3.3/psoc creator/import/gnu/arm/4.9.3/bin/../lib/gcc/arm-none-eabi/4.9.3/armv6-m/crtbegin.o
 .init_array    0x00004d34        0x4 .\CortexM0\ARM_GCC_493\Debug\Cm0Start.o
                0x00004d38                __init_array_end = .
                0x00004d38                . = ALIGN (0x4)
 *(.fini)
 .fini          0x00004d38        0x4 c:/program files (x86)/cypress/psoc creator/3.3/psoc creator/import/gnu/arm/4.9.3/bin/../lib/gcc/arm-none-eabi/4.9.3/armv6-m/crti.o
                0x00004d38                _fini
 .fini          0x00004d3c        0x8 c:/program files (x86)/cypress/psoc creator/3.3/psoc creator/import/gnu/arm/4.9.3/bin/../lib/gcc/arm-none-eabi/4.9.3/armv6-m/crtn.o
                0x00004d44                . = ALIGN (0x4)
                0x00004d44                __fini_array_start = .
 *(.fini_array)
 .fini_array    0x00004d44        0x4 c:/program files (x86)/cypress/psoc creator/3.3/psoc creator/import/gnu/arm/4.9.3/bin/../lib/gcc/arm-none-eabi/4.9.3/armv6-m/crtbegin.o
 *(SORT(.fini_array.*))
                0x00004d48                __fini_array_end = .
                0x00004d48                . = ALIGN (0x4)
 *crtbegin.o(.ctors)
 *(EXCLUDE_FILE(*crtend.o) .ctors)
 *(SORT(.ctors.*))
 *crtend.o(.ctors)
                0x00004d48                . = ALIGN (0x4)
 *crtbegin.o(.dtors)
 *(EXCLUDE_FILE(*crtend.o) .dtors)
 *(SORT(.dtors.*))
 *crtend.o(.dtors)
                0x00004d48                . = ALIGN (0x4)
                0x00004d48                __cy_regions = .
                0x00004d48        0x4 LONG 0x4d58 __cy_region_init_ram
                0x00004d4c        0x4 LONG 0x200000d0 __cy_region_start_data
                0x00004d50        0x4 LONG 0x2d0 __cy_region_init_size_ram
                0x00004d54        0x4 LONG 0x68 __cy_region_zero_size_ram
                0x00004d58                __cy_regions_end = .
                0x00004d58                . = ALIGN (0x8)
                0x00004d58                _etext = .

.ramvectors     0x20000000       0xc0
                0x20000000                __cy_region_start_ram = .
 *(.ramvectors)
 .ramvectors    0x20000000       0xc0 .\CortexM0\ARM_GCC_493\Debug\Cm0Start.o
                0x20000000                CyRamVectors

.btldr_run      0x200000c0        0x4
 *(.bootloaderruntype)
 .bootloaderruntype
                0x200000c0        0x4 .\CortexM0\ARM_GCC_493\Debug\Cm0Start.o
                0x200000c0                cyBtldrRunType

.noinit         0x200000c8        0x4
 *(.noinit)
 .noinit        0x200000c8        0x4 .\CortexM0\ARM_GCC_493\Debug\Cm0Start.o

.data           0x200000d0      0x2d0 load address 0x00004d58
                0x200000d0                __cy_region_start_data = .
 *(.jcr)
 .jcr           0x200000d0        0x0 c:/program files (x86)/cypress/psoc creator/3.3/psoc creator/import/gnu/arm/4.9.3/bin/../lib/gcc/arm-none-eabi/4.9.3/armv6-m/crtbegin.o
 .jcr           0x200000d0        0x4 c:/program files (x86)/cypress/psoc creator/3.3/psoc creator/import/gnu/arm/4.9.3/bin/../lib/gcc/arm-none-eabi/4.9.3/armv6-m/crtend.o
 *(.got.plt)
 *(.got)
 *(.shdata)
 *(.data .data.* .gnu.linkonce.d.*)
 .data          0x200000d4      0x24c .\CortexM0\ARM_GCC_493\Debug\main.o
                0x200000d4                decoder_speed
                0x20000318                pwm_current
                0x2000031a                brightness
                0x2000031c                pwm_voltage
                0x2000031e                counter_decoder
 .data          0x20000320        0x4 .\CortexM0\ARM_GCC_493\Debug\Cm0Start.o
 .data          0x20000324       0x10 .\CortexM0\ARM_GCC_493\Debug\Benchtop PSU.a(CyLib.o)
                0x20000324                cydelay32kMs
                0x20000328                cydelayFreqKhz
                0x2000032c                cydelayFreqMhz
                0x20000330                cydelayFreqHz
 .data          0x20000334        0x4 .\CortexM0\ARM_GCC_493\Debug\Benchtop PSU.a(CyLFClk.o)
 .data.impure_data
                0x20000338       0x60 c:/program files (x86)/cypress/psoc creator/3.3/psoc creator/import/gnu/arm/4.9.3/bin/../lib/gcc/arm-none-eabi/4.9.3/../../../../arm-none-eabi/lib/armv6-m\libg_nano.a(lib_a-impure.o)
 .data._impure_ptr
                0x20000398        0x4 c:/program files (x86)/cypress/psoc creator/3.3/psoc creator/import/gnu/arm/4.9.3/bin/../lib/gcc/arm-none-eabi/4.9.3/../../../../arm-none-eabi/lib/armv6-m\libg_nano.a(lib_a-impure.o)
                0x20000398                _impure_ptr
                0x200003a0                . = ALIGN (0x8)
 *fill*         0x2000039c        0x4 
 *(.ram)
                0x200003a0                _edata = .

.igot.plt       0x200003a0        0x0 load address 0x00005028
 .igot.plt      0x00000000        0x0 c:/program files (x86)/cypress/psoc creator/3.3/psoc creator/import/gnu/arm/4.9.3/bin/../lib/gcc/arm-none-eabi/4.9.3/armv6-m/crtbegin.o

.bss            0x200003a0       0x68 load address 0x00005028
                0x200003a0                PROVIDE (__bss_start__, .)
 *(.shbss)
 *(.bss .bss.* .gnu.linkonce.b.*)
 .bss           0x200003a0       0x1c c:/program files (x86)/cypress/psoc creator/3.3/psoc creator/import/gnu/arm/4.9.3/bin/../lib/gcc/arm-none-eabi/4.9.3/armv6-m/crtbegin.o
 .bss           0x200003bc        0xa .\CortexM0\ARM_GCC_493\Debug\main.o
                0x200003bc                steps
                0x200003be                prev_steps
                0x200003c0                sense_current
                0x200003c2                flag_vcb
                0x200003c4                sense_voltage
 .bss           0x200003c6        0x1 .\CortexM0\ARM_GCC_493\Debug\Benchtop PSU.a(PWM_V.o)
                0x200003c6                PWM_V_initVar
 *fill*         0x200003c7        0x1 
 .bss           0x200003c8       0x1c .\CortexM0\ARM_GCC_493\Debug\Benchtop PSU.a(CyLFClk.o)
 .bss           0x200003e4        0x1 .\CortexM0\ARM_GCC_493\Debug\Benchtop PSU.a(PWM_Brightness.o)
                0x200003e4                PWM_Brightness_initVar
 .bss           0x200003e5        0x1 .\CortexM0\ARM_GCC_493\Debug\Benchtop PSU.a(PWM_C.o)
                0x200003e5                PWM_C_initVar
 .bss           0x200003e6        0x1 .\CortexM0\ARM_GCC_493\Debug\Benchtop PSU.a(SPIM_1.o)
                0x200003e6                SPIM_1_initVar
 .bss           0x200003e7        0x1 .\CortexM0\ARM_GCC_493\Debug\Benchtop PSU.a(ADC.o)
                0x200003e7                ADC_initVar
 .bss           0x200003e8        0x1 .\CortexM0\ARM_GCC_493\Debug\Benchtop PSU.a(QuadDec.o)
                0x200003e8                QuadDec_initVar
 .bss           0x200003e9        0x1 .\CortexM0\ARM_GCC_493\Debug\Benchtop PSU.a(Count7.o)
                0x200003e9                Count7_initVar
 *fill*         0x200003ea        0x2 
 .bss.__malloc_sbrk_start
                0x200003ec        0x4 c:/program files (x86)/cypress/psoc creator/3.3/psoc creator/import/gnu/arm/4.9.3/bin/../lib/gcc/arm-none-eabi/4.9.3/../../../../arm-none-eabi/lib/armv6-m\libg_nano.a(lib_a-nano-mallocr.o)
                0x200003ec                __malloc_sbrk_start
 .bss.__malloc_free_list
                0x200003f0        0x4 c:/program files (x86)/cypress/psoc creator/3.3/psoc creator/import/gnu/arm/4.9.3/bin/../lib/gcc/arm-none-eabi/4.9.3/../../../../arm-none-eabi/lib/armv6-m\libg_nano.a(lib_a-nano-mallocr.o)
                0x200003f0                __malloc_free_list
 *(COMMON)
 COMMON         0x200003f4        0xc .\CortexM0\ARM_GCC_493\Debug\Benchtop PSU.a(ADC.o)
                0x200003f4                ADC_countsPer10Volt
                0x200003fc                ADC_offset
 COMMON         0x20000400        0x4 c:/program files (x86)/cypress/psoc creator/3.3/psoc creator/import/gnu/arm/4.9.3/bin/../lib/gcc/arm-none-eabi/4.9.3/../../../../arm-none-eabi/lib/armv6-m\libg_nano.a(lib_a-reent.o)
                0x20000400                errno
                0x20000408                . = ALIGN (0x8)
 *fill*         0x20000404        0x4 
 *(.ram.b)
                0x20000408                _end = .
                0x20000408                __end = .
                0x20000408                PROVIDE (end, .)
                0x20000408                PROVIDE (__bss_end__, .)
                0x00004d58                __cy_region_init_ram = LOADADDR (.data)
                0x000002d0                __cy_region_init_size_ram = (_edata - ADDR (.data))
                0x00000068                __cy_region_zero_size_ram = (_end - _edata)

.heap           0x20000408       0x80 load address 0x00005028
                0x20000408                . = _end
                0x20000488                . = (. + 0x80)
 *fill*         0x20000408       0x80 
                0x20000488                __cy_heap_limit = .

.stack          0x20000c00      0x400
                0x20000c00                __cy_stack_limit = .
                0x20001000                . = (. + 0x400)
 *fill*         0x20000c00      0x400 
                0x00000001                ASSERT ((__cy_stack_limit >= __cy_heap_limit), region RAM overflowed with stack)

.cy_checksum_exclude
                0x00007f80        0x0
 *(.cy_checksum_exclude)
                0x00000000                cy_checksum_exclude_size = (CY_APPL_LOADABLE == 0x1)?SIZEOF (.cy_checksum_exclude):0x0
                0x00000001                ASSERT ((cy_checksum_exclude_size <= CY_CHECKSUM_EXCLUDE_SIZE), CY_BOOT: Section .cy_checksum_exclude size exceedes specified limit.)
                0xf0000000                cyloadermeta_start = (cy_project_type_bootloader || cy_project_type_app_for_stack_and_copier)?(0x8000 - CY_METADATA_SIZE):0xf0000000

.cyloadermeta   0xf0000000       0x40
 *(.cyloadermeta)
 .cyloadermeta  0xf0000000       0x40 .\CortexM0\ARM_GCC_493\Debug\cybootloader.o
                0xf0000000                cy_meta_loader
                0x00007fc0                cyloadablemeta_start = cy_project_type_app_for_stack_and_copier?((0x8000 - CY_FLASH_ROW_SIZE) - CY_METADATA_SIZE):((0x8000 - (CY_FLASH_ROW_SIZE * (CY_APPL_NUM - 0x1))) - CY_METADATA_SIZE)

.cyloadablemeta
                0x00007fc0       0x40
 *(.cyloadablemeta)
 .cyloadablemeta
                0x00007fc0       0x40 .\CortexM0\ARM_GCC_493\Debug\cymetadata.o
                0x00007fc0                cy_meta_loadable

.cyflashprotect
                0x90400000       0x20
 *(.cyflashprotect)
 .cyflashprotect
                0x90400000       0x20 .\CortexM0\ARM_GCC_493\Debug\cybootloader.o
                0x90400000                cy_meta_flashprotect

.cymeta         0x90500000        0xc
 *(.cymeta)
 .cymeta        0x90500000        0xc .\CortexM0\ARM_GCC_493\Debug\cybootloader.o
                0x90500000                cy_metadata

.cychipprotect  0x90600000        0x4
 *(.cychipprotect)
 .cychipprotect
                0x90600000        0x4 .\CortexM0\ARM_GCC_493\Debug\cybootloader.o
                0x90600000                cy_meta_chipprotect

.rel.dyn        0x00008000        0x0 load address 0x90600004
 .rel.iplt      0x00000000        0x0 c:/program files (x86)/cypress/psoc creator/3.3/psoc creator/import/gnu/arm/4.9.3/bin/../lib/gcc/arm-none-eabi/4.9.3/armv6-m/crtbegin.o

.stab
 *(.stab)

.stabstr
 *(.stabstr)

.debug
 *(.debug)

.line
 *(.line)

.debug_srcinfo
 *(.debug_srcinfo)

.debug_sfnames
 *(.debug_sfnames)

.debug_aranges  0x00000000      0xe48
 *(.debug_aranges)
 .debug_aranges
                0x00000000       0xa0 .\CortexM0\ARM_GCC_493\Debug\main.o
 .debug_aranges
                0x000000a0       0x18 .\CortexM0\ARM_GCC_493\Debug\cymetadata.o
 .debug_aranges
                0x000000b8       0x48 .\CortexM0\ARM_GCC_493\Debug\Cm0Start.o
 .debug_aranges
                0x00000100       0x18 .\CortexM0\ARM_GCC_493\Debug\cybootloader.o
 .debug_aranges
                0x00000118       0x50 .\CortexM0\ARM_GCC_493\Debug\Benchtop PSU.a(cyfitter_cfg.o)
 .debug_aranges
                0x00000168      0x158 .\CortexM0\ARM_GCC_493\Debug\Benchtop PSU.a(PWM_V.o)
 .debug_aranges
                0x000002c0       0x20 .\CortexM0\ARM_GCC_493\Debug\Benchtop PSU.a(CyBootAsmGnu.o)
 .debug_aranges
                0x000002e0      0x178 .\CortexM0\ARM_GCC_493\Debug\Benchtop PSU.a(CyLib.o)
 .debug_aranges
                0x00000458      0x120 .\CortexM0\ARM_GCC_493\Debug\Benchtop PSU.a(CyLFClk.o)
 .debug_aranges
                0x00000578       0x48 .\CortexM0\ARM_GCC_493\Debug\Benchtop PSU.a(DC.o)
 .debug_aranges
                0x000005c0       0x48 .\CortexM0\ARM_GCC_493\Debug\Benchtop PSU.a(ResetLCD.o)
 .debug_aranges
                0x00000608      0x158 .\CortexM0\ARM_GCC_493\Debug\Benchtop PSU.a(PWM_Brightness.o)
 .debug_aranges
                0x00000760      0x158 .\CortexM0\ARM_GCC_493\Debug\Benchtop PSU.a(PWM_C.o)
 .debug_aranges
                0x000008b8       0x80 .\CortexM0\ARM_GCC_493\Debug\Benchtop PSU.a(isr_adc.o)
 .debug_aranges
                0x00000938       0xd8 .\CortexM0\ARM_GCC_493\Debug\Benchtop PSU.a(SPIM_1.o)
 .debug_aranges
                0x00000a10       0x40 .\CortexM0\ARM_GCC_493\Debug\Benchtop PSU.a(SPIM_1_IntClock.o)
 .debug_aranges
                0x00000a50       0xa8 .\CortexM0\ARM_GCC_493\Debug\Benchtop PSU.a(ADC.o)
 .debug_aranges
                0x00000af8       0x20 .\CortexM0\ARM_GCC_493\Debug\Benchtop PSU.a(ADC_INT.o)
 .debug_aranges
                0x00000b18       0x80 .\CortexM0\ARM_GCC_493\Debug\Benchtop PSU.a(isr_vcb.o)
 .debug_aranges
                0x00000b98      0x158 .\CortexM0\ARM_GCC_493\Debug\Benchtop PSU.a(QuadDec.o)
 .debug_aranges
                0x00000cf0       0x80 .\CortexM0\ARM_GCC_493\Debug\Benchtop PSU.a(isr_quad.o)
 .debug_aranges
                0x00000d70       0x58 .\CortexM0\ARM_GCC_493\Debug\Benchtop PSU.a(Count7.o)
 .debug_aranges
                0x00000dc8       0x80 .\CortexM0\ARM_GCC_493\Debug\Benchtop PSU.a(isr_speed.o)

.debug_pubnames
 *(.debug_pubnames)

.debug_info     0x00000000     0x7158
 *(.debug_info .gnu.linkonce.wi.*)
 .debug_info    0x00000000      0xcfe .\CortexM0\ARM_GCC_493\Debug\main.o
 .debug_info    0x00000cfe       0xb2 .\CortexM0\ARM_GCC_493\Debug\cymetadata.o
 .debug_info    0x00000db0      0x39f .\CortexM0\ARM_GCC_493\Debug\Cm0Start.o
 .debug_info    0x0000114f      0x14e .\CortexM0\ARM_GCC_493\Debug\cybootloader.o
 .debug_info    0x0000129d      0x584 .\CortexM0\ARM_GCC_493\Debug\Benchtop PSU.a(cyfitter_cfg.o)
 .debug_info    0x00001821      0x904 .\CortexM0\ARM_GCC_493\Debug\Benchtop PSU.a(PWM_V.o)
 .debug_info    0x00002125       0x8d .\CortexM0\ARM_GCC_493\Debug\Benchtop PSU.a(CyBootAsmGnu.o)
 .debug_info    0x000021b2      0xad1 .\CortexM0\ARM_GCC_493\Debug\Benchtop PSU.a(CyLib.o)
 .debug_info    0x00002c83      0xc23 .\CortexM0\ARM_GCC_493\Debug\Benchtop PSU.a(CyLFClk.o)
 .debug_info    0x000038a6      0x19d .\CortexM0\ARM_GCC_493\Debug\Benchtop PSU.a(DC.o)
 .debug_info    0x00003a43      0x19d .\CortexM0\ARM_GCC_493\Debug\Benchtop PSU.a(ResetLCD.o)
 .debug_info    0x00003be0      0x904 .\CortexM0\ARM_GCC_493\Debug\Benchtop PSU.a(PWM_Brightness.o)
 .debug_info    0x000044e4      0x904 .\CortexM0\ARM_GCC_493\Debug\Benchtop PSU.a(PWM_C.o)
 .debug_info    0x00004de8      0x300 .\CortexM0\ARM_GCC_493\Debug\Benchtop PSU.a(isr_adc.o)
 .debug_info    0x000050e8      0x4b2 .\CortexM0\ARM_GCC_493\Debug\Benchtop PSU.a(SPIM_1.o)
 .debug_info    0x0000559a      0x14e .\CortexM0\ARM_GCC_493\Debug\Benchtop PSU.a(SPIM_1_IntClock.o)
 .debug_info    0x000056e8      0x5bf .\CortexM0\ARM_GCC_493\Debug\Benchtop PSU.a(ADC.o)
 .debug_info    0x00005ca7       0xc4 .\CortexM0\ARM_GCC_493\Debug\Benchtop PSU.a(ADC_INT.o)
 .debug_info    0x00005d6b      0x300 .\CortexM0\ARM_GCC_493\Debug\Benchtop PSU.a(isr_vcb.o)
 .debug_info    0x0000606b      0x906 .\CortexM0\ARM_GCC_493\Debug\Benchtop PSU.a(QuadDec.o)
 .debug_info    0x00006971      0x300 .\CortexM0\ARM_GCC_493\Debug\Benchtop PSU.a(isr_quad.o)
 .debug_info    0x00006c71      0x1e7 .\CortexM0\ARM_GCC_493\Debug\Benchtop PSU.a(Count7.o)
 .debug_info    0x00006e58      0x300 .\CortexM0\ARM_GCC_493\Debug\Benchtop PSU.a(isr_speed.o)

.debug_abbrev   0x00000000     0x1df9
 *(.debug_abbrev)
 .debug_abbrev  0x00000000      0x250 .\CortexM0\ARM_GCC_493\Debug\main.o
 .debug_abbrev  0x00000250       0x5d .\CortexM0\ARM_GCC_493\Debug\cymetadata.o
 .debug_abbrev  0x000002ad      0x1e6 .\CortexM0\ARM_GCC_493\Debug\Cm0Start.o
 .debug_abbrev  0x00000493       0x77 .\CortexM0\ARM_GCC_493\Debug\cybootloader.o
 .debug_abbrev  0x0000050a      0x22c .\CortexM0\ARM_GCC_493\Debug\Benchtop PSU.a(cyfitter_cfg.o)
 .debug_abbrev  0x00000736      0x133 .\CortexM0\ARM_GCC_493\Debug\Benchtop PSU.a(PWM_V.o)
 .debug_abbrev  0x00000869       0x14 .\CortexM0\ARM_GCC_493\Debug\Benchtop PSU.a(CyBootAsmGnu.o)
 .debug_abbrev  0x0000087d      0x20d .\CortexM0\ARM_GCC_493\Debug\Benchtop PSU.a(CyLib.o)
 .debug_abbrev  0x00000a8a      0x226 .\CortexM0\ARM_GCC_493\Debug\Benchtop PSU.a(CyLFClk.o)
 .debug_abbrev  0x00000cb0       0xc8 .\CortexM0\ARM_GCC_493\Debug\Benchtop PSU.a(DC.o)
 .debug_abbrev  0x00000d78       0xc8 .\CortexM0\ARM_GCC_493\Debug\Benchtop PSU.a(ResetLCD.o)
 .debug_abbrev  0x00000e40      0x133 .\CortexM0\ARM_GCC_493\Debug\Benchtop PSU.a(PWM_Brightness.o)
 .debug_abbrev  0x00000f73      0x133 .\CortexM0\ARM_GCC_493\Debug\Benchtop PSU.a(PWM_C.o)
 .debug_abbrev  0x000010a6      0x1b4 .\CortexM0\ARM_GCC_493\Debug\Benchtop PSU.a(isr_adc.o)
 .debug_abbrev  0x0000125a      0x173 .\CortexM0\ARM_GCC_493\Debug\Benchtop PSU.a(SPIM_1.o)
 .debug_abbrev  0x000013cd       0xb7 .\CortexM0\ARM_GCC_493\Debug\Benchtop PSU.a(SPIM_1_IntClock.o)
 .debug_abbrev  0x00001484      0x1c3 .\CortexM0\ARM_GCC_493\Debug\Benchtop PSU.a(ADC.o)
 .debug_abbrev  0x00001647       0x65 .\CortexM0\ARM_GCC_493\Debug\Benchtop PSU.a(ADC_INT.o)
 .debug_abbrev  0x000016ac      0x1b4 .\CortexM0\ARM_GCC_493\Debug\Benchtop PSU.a(isr_vcb.o)
 .debug_abbrev  0x00001860      0x133 .\CortexM0\ARM_GCC_493\Debug\Benchtop PSU.a(QuadDec.o)
 .debug_abbrev  0x00001993      0x1b4 .\CortexM0\ARM_GCC_493\Debug\Benchtop PSU.a(isr_quad.o)
 .debug_abbrev  0x00001b47       0xfe .\CortexM0\ARM_GCC_493\Debug\Benchtop PSU.a(Count7.o)
 .debug_abbrev  0x00001c45      0x1b4 .\CortexM0\ARM_GCC_493\Debug\Benchtop PSU.a(isr_speed.o)

.debug_line     0x00000000     0x2da2
 *(.debug_line)
 .debug_line    0x00000000      0x3de .\CortexM0\ARM_GCC_493\Debug\main.o
 .debug_line    0x000003de       0x53 .\CortexM0\ARM_GCC_493\Debug\cymetadata.o
 .debug_line    0x00000431      0x249 .\CortexM0\ARM_GCC_493\Debug\Cm0Start.o
 .debug_line    0x0000067a       0x55 .\CortexM0\ARM_GCC_493\Debug\cybootloader.o
 .debug_line    0x000006cf      0x1db .\CortexM0\ARM_GCC_493\Debug\Benchtop PSU.a(cyfitter_cfg.o)
 .debug_line    0x000008aa      0x380 .\CortexM0\ARM_GCC_493\Debug\Benchtop PSU.a(PWM_V.o)
 .debug_line    0x00000c2a       0x69 .\CortexM0\ARM_GCC_493\Debug\Benchtop PSU.a(CyBootAsmGnu.o)
 .debug_line    0x00000c93      0x44b .\CortexM0\ARM_GCC_493\Debug\Benchtop PSU.a(CyLib.o)
 .debug_line    0x000010de      0x3fe .\CortexM0\ARM_GCC_493\Debug\Benchtop PSU.a(CyLFClk.o)
 .debug_line    0x000014dc       0xbc .\CortexM0\ARM_GCC_493\Debug\Benchtop PSU.a(DC.o)
 .debug_line    0x00001598       0xc2 .\CortexM0\ARM_GCC_493\Debug\Benchtop PSU.a(ResetLCD.o)
 .debug_line    0x0000165a      0x389 .\CortexM0\ARM_GCC_493\Debug\Benchtop PSU.a(PWM_Brightness.o)
 .debug_line    0x000019e3      0x380 .\CortexM0\ARM_GCC_493\Debug\Benchtop PSU.a(PWM_C.o)
 .debug_line    0x00001d63      0x168 .\CortexM0\ARM_GCC_493\Debug\Benchtop PSU.a(isr_adc.o)
 .debug_line    0x00001ecb      0x260 .\CortexM0\ARM_GCC_493\Debug\Benchtop PSU.a(SPIM_1.o)
 .debug_line    0x0000212b       0xce .\CortexM0\ARM_GCC_493\Debug\Benchtop PSU.a(SPIM_1_IntClock.o)
 .debug_line    0x000021f9      0x296 .\CortexM0\ARM_GCC_493\Debug\Benchtop PSU.a(ADC.o)
 .debug_line    0x0000248f       0x64 .\CortexM0\ARM_GCC_493\Debug\Benchtop PSU.a(ADC_INT.o)
 .debug_line    0x000024f3      0x16c .\CortexM0\ARM_GCC_493\Debug\Benchtop PSU.a(isr_vcb.o)
 .debug_line    0x0000265f      0x378 .\CortexM0\ARM_GCC_493\Debug\Benchtop PSU.a(QuadDec.o)
 .debug_line    0x000029d7      0x16d .\CortexM0\ARM_GCC_493\Debug\Benchtop PSU.a(isr_quad.o)
 .debug_line    0x00002b44       0xf0 .\CortexM0\ARM_GCC_493\Debug\Benchtop PSU.a(Count7.o)
 .debug_line    0x00002c34      0x16e .\CortexM0\ARM_GCC_493\Debug\Benchtop PSU.a(isr_speed.o)

.debug_frame    0x00000000     0x29ec
 *(.debug_frame)
 .debug_frame   0x00000000      0x1f8 .\CortexM0\ARM_GCC_493\Debug\main.o
 .debug_frame   0x000001f8       0xb0 .\CortexM0\ARM_GCC_493\Debug\Cm0Start.o
 .debug_frame   0x000002a8       0xcc .\CortexM0\ARM_GCC_493\Debug\Benchtop PSU.a(cyfitter_cfg.o)
 .debug_frame   0x00000374      0x390 .\CortexM0\ARM_GCC_493\Debug\Benchtop PSU.a(PWM_V.o)
 .debug_frame   0x00000704      0x3d0 .\CortexM0\ARM_GCC_493\Debug\Benchtop PSU.a(CyLib.o)
 .debug_frame   0x00000ad4      0x368 .\CortexM0\ARM_GCC_493\Debug\Benchtop PSU.a(CyLFClk.o)
 .debug_frame   0x00000e3c       0x70 .\CortexM0\ARM_GCC_493\Debug\Benchtop PSU.a(DC.o)
 .debug_frame   0x00000eac       0x70 .\CortexM0\ARM_GCC_493\Debug\Benchtop PSU.a(ResetLCD.o)
 .debug_frame   0x00000f1c      0x390 .\CortexM0\ARM_GCC_493\Debug\Benchtop PSU.a(PWM_Brightness.o)
 .debug_frame   0x000012ac      0x390 .\CortexM0\ARM_GCC_493\Debug\Benchtop PSU.a(PWM_C.o)
 .debug_frame   0x0000163c      0x110 .\CortexM0\ARM_GCC_493\Debug\Benchtop PSU.a(isr_adc.o)
 .debug_frame   0x0000174c      0x1e8 .\CortexM0\ARM_GCC_493\Debug\Benchtop PSU.a(SPIM_1.o)
 .debug_frame   0x00001934       0x60 .\CortexM0\ARM_GCC_493\Debug\Benchtop PSU.a(SPIM_1_IntClock.o)
 .debug_frame   0x00001994      0x1b0 .\CortexM0\ARM_GCC_493\Debug\Benchtop PSU.a(ADC.o)
 .debug_frame   0x00001b44       0x20 .\CortexM0\ARM_GCC_493\Debug\Benchtop PSU.a(ADC_INT.o)
 .debug_frame   0x00001b64      0x110 .\CortexM0\ARM_GCC_493\Debug\Benchtop PSU.a(isr_vcb.o)
 .debug_frame   0x00001c74      0x390 .\CortexM0\ARM_GCC_493\Debug\Benchtop PSU.a(QuadDec.o)
 .debug_frame   0x00002004      0x110 .\CortexM0\ARM_GCC_493\Debug\Benchtop PSU.a(isr_quad.o)
 .debug_frame   0x00002114       0xb4 .\CortexM0\ARM_GCC_493\Debug\Benchtop PSU.a(Count7.o)
 .debug_frame   0x000021c8      0x110 .\CortexM0\ARM_GCC_493\Debug\Benchtop PSU.a(isr_speed.o)
 .debug_frame   0x000022d8       0x20 c:/program files (x86)/cypress/psoc creator/3.3/psoc creator/import/gnu/arm/4.9.3/bin/../lib/gcc/arm-none-eabi/4.9.3/armv6-m\libgcc.a(_udivsi3.o)
 .debug_frame   0x000022f8       0x20 c:/program files (x86)/cypress/psoc creator/3.3/psoc creator/import/gnu/arm/4.9.3/bin/../lib/gcc/arm-none-eabi/4.9.3/armv6-m\libgcc.a(_divsi3.o)
 .debug_frame   0x00002318       0x34 c:/program files (x86)/cypress/psoc creator/3.3/psoc creator/import/gnu/arm/4.9.3/bin/../lib/gcc/arm-none-eabi/4.9.3/armv6-m\libgcc.a(_muldi3.o)
 .debug_frame   0x0000234c       0x2c c:/program files (x86)/cypress/psoc creator/3.3/psoc creator/import/gnu/arm/4.9.3/bin/../lib/gcc/arm-none-eabi/4.9.3/armv6-m\libgcc.a(_fixunsdfsi.o)
 .debug_frame   0x00002378       0x50 c:/program files (x86)/cypress/psoc creator/3.3/psoc creator/import/gnu/arm/4.9.3/bin/../lib/gcc/arm-none-eabi/4.9.3/armv6-m\libgcc.a(bpabi.o)
 .debug_frame   0x000023c8       0x3c c:/program files (x86)/cypress/psoc creator/3.3/psoc creator/import/gnu/arm/4.9.3/bin/../lib/gcc/arm-none-eabi/4.9.3/armv6-m\libgcc.a(divsf3.o)
 .debug_frame   0x00002404       0x3c c:/program files (x86)/cypress/psoc creator/3.3/psoc creator/import/gnu/arm/4.9.3/bin/../lib/gcc/arm-none-eabi/4.9.3/armv6-m\libgcc.a(mulsf3.o)
 .debug_frame   0x00002440       0x2c c:/program files (x86)/cypress/psoc creator/3.3/psoc creator/import/gnu/arm/4.9.3/bin/../lib/gcc/arm-none-eabi/4.9.3/armv6-m\libgcc.a(floatsisf.o)
 .debug_frame   0x0000246c       0x38 c:/program files (x86)/cypress/psoc creator/3.3/psoc creator/import/gnu/arm/4.9.3/bin/../lib/gcc/arm-none-eabi/4.9.3/armv6-m\libgcc.a(adddf3.o)
 .debug_frame   0x000024a4       0x3c c:/program files (x86)/cypress/psoc creator/3.3/psoc creator/import/gnu/arm/4.9.3/bin/../lib/gcc/arm-none-eabi/4.9.3/armv6-m\libgcc.a(muldf3.o)
 .debug_frame   0x000024e0       0x3c c:/program files (x86)/cypress/psoc creator/3.3/psoc creator/import/gnu/arm/4.9.3/bin/../lib/gcc/arm-none-eabi/4.9.3/armv6-m\libgcc.a(subdf3.o)
 .debug_frame   0x0000251c       0x2c c:/program files (x86)/cypress/psoc creator/3.3/psoc creator/import/gnu/arm/4.9.3/bin/../lib/gcc/arm-none-eabi/4.9.3/armv6-m\libgcc.a(fixdfsi.o)
 .debug_frame   0x00002548       0x2c c:/program files (x86)/cypress/psoc creator/3.3/psoc creator/import/gnu/arm/4.9.3/bin/../lib/gcc/arm-none-eabi/4.9.3/armv6-m\libgcc.a(floatsidf.o)
 .debug_frame   0x00002574       0x3c c:/program files (x86)/cypress/psoc creator/3.3/psoc creator/import/gnu/arm/4.9.3/bin/../lib/gcc/arm-none-eabi/4.9.3/armv6-m\libgcc.a(_divdi3.o)
 .debug_frame   0x000025b0       0x3c c:/program files (x86)/cypress/psoc creator/3.3/psoc creator/import/gnu/arm/4.9.3/bin/../lib/gcc/arm-none-eabi/4.9.3/armv6-m\libgcc.a(_udivdi3.o)
 .debug_frame   0x000025ec       0x38 c:/program files (x86)/cypress/psoc creator/3.3/psoc creator/import/gnu/arm/4.9.3/bin/../lib/gcc/arm-none-eabi/4.9.3/armv6-m\libgcc.a(eqdf2.o)
 .debug_frame   0x00002624       0x38 c:/program files (x86)/cypress/psoc creator/3.3/psoc creator/import/gnu/arm/4.9.3/bin/../lib/gcc/arm-none-eabi/4.9.3/armv6-m\libgcc.a(gedf2.o)
 .debug_frame   0x0000265c       0x38 c:/program files (x86)/cypress/psoc creator/3.3/psoc creator/import/gnu/arm/4.9.3/bin/../lib/gcc/arm-none-eabi/4.9.3/armv6-m\libgcc.a(ledf2.o)
 .debug_frame   0x00002694       0x20 c:/program files (x86)/cypress/psoc creator/3.3/psoc creator/import/gnu/arm/4.9.3/bin/../lib/gcc/arm-none-eabi/4.9.3/../../../../arm-none-eabi/lib/armv6-m\libg_nano.a(lib_a-errno.o)
 .debug_frame   0x000026b4       0x28 c:/program files (x86)/cypress/psoc creator/3.3/psoc creator/import/gnu/arm/4.9.3/bin/../lib/gcc/arm-none-eabi/4.9.3/../../../../arm-none-eabi/lib/armv6-m\libg_nano.a(lib_a-exit.o)
 .debug_frame   0x000026dc       0x2c c:/program files (x86)/cypress/psoc creator/3.3/psoc creator/import/gnu/arm/4.9.3/bin/../lib/gcc/arm-none-eabi/4.9.3/../../../../arm-none-eabi/lib/armv6-m\libg_nano.a(lib_a-init.o)
 .debug_frame   0x00002708       0x28 c:/program files (x86)/cypress/psoc creator/3.3/psoc creator/import/gnu/arm/4.9.3/bin/../lib/gcc/arm-none-eabi/4.9.3/../../../../arm-none-eabi/lib/armv6-m\libg_nano.a(lib_a-memcpy.o)
 .debug_frame   0x00002730       0x20 c:/program files (x86)/cypress/psoc creator/3.3/psoc creator/import/gnu/arm/4.9.3/bin/../lib/gcc/arm-none-eabi/4.9.3/../../../../arm-none-eabi/lib/armv6-m\libg_nano.a(lib_a-memset.o)
 .debug_frame   0x00002750       0x50 c:/program files (x86)/cypress/psoc creator/3.3/psoc creator/import/gnu/arm/4.9.3/bin/../lib/gcc/arm-none-eabi/4.9.3/../../../../arm-none-eabi/lib/armv6-m\libg_nano.a(lib_a-sprintf.o)
 .debug_frame   0x000027a0       0x20 c:/program files (x86)/cypress/psoc creator/3.3/psoc creator/import/gnu/arm/4.9.3/bin/../lib/gcc/arm-none-eabi/4.9.3/../../../../arm-none-eabi/lib/armv6-m\libg_nano.a(lib_a-strlen.o)
 .debug_frame   0x000027c0       0x74 c:/program files (x86)/cypress/psoc creator/3.3/psoc creator/import/gnu/arm/4.9.3/bin/../lib/gcc/arm-none-eabi/4.9.3/../../../../arm-none-eabi/lib/armv6-m\libg_nano.a(lib_a-nano-svfprintf.o)
 .debug_frame   0x00002834       0x54 c:/program files (x86)/cypress/psoc creator/3.3/psoc creator/import/gnu/arm/4.9.3/bin/../lib/gcc/arm-none-eabi/4.9.3/../../../../arm-none-eabi/lib/armv6-m\libg_nano.a(lib_a-nano-vfprintf_i.o)
 .debug_frame   0x00002888       0x20 c:/program files (x86)/cypress/psoc creator/3.3/psoc creator/import/gnu/arm/4.9.3/bin/../lib/gcc/arm-none-eabi/4.9.3/../../../../arm-none-eabi/lib/armv6-m\libg_nano.a(lib_a-memchr.o)
 .debug_frame   0x000028a8       0x28 c:/program files (x86)/cypress/psoc creator/3.3/psoc creator/import/gnu/arm/4.9.3/bin/../lib/gcc/arm-none-eabi/4.9.3/../../../../arm-none-eabi/lib/armv6-m\libg_nano.a(lib_a-memmove.o)
 .debug_frame   0x000028d0       0x2c c:/program files (x86)/cypress/psoc creator/3.3/psoc creator/import/gnu/arm/4.9.3/bin/../lib/gcc/arm-none-eabi/4.9.3/../../../../arm-none-eabi/lib/armv6-m\libg_nano.a(lib_a-nano-freer.o)
 .debug_frame   0x000028fc       0x2c c:/program files (x86)/cypress/psoc creator/3.3/psoc creator/import/gnu/arm/4.9.3/bin/../lib/gcc/arm-none-eabi/4.9.3/../../../../arm-none-eabi/lib/armv6-m\libg_nano.a(lib_a-nano-mallocr.o)
 .debug_frame   0x00002928       0x30 c:/program files (x86)/cypress/psoc creator/3.3/psoc creator/import/gnu/arm/4.9.3/bin/../lib/gcc/arm-none-eabi/4.9.3/../../../../arm-none-eabi/lib/armv6-m\libg_nano.a(lib_a-nano-reallocr.o)
 .debug_frame   0x00002958       0x2c c:/program files (x86)/cypress/psoc creator/3.3/psoc creator/import/gnu/arm/4.9.3/bin/../lib/gcc/arm-none-eabi/4.9.3/../../../../arm-none-eabi/lib/armv6-m\libg_nano.a(lib_a-sbrkr.o)
 .debug_frame   0x00002984       0x20 c:/program files (x86)/cypress/psoc creator/3.3/psoc creator/import/gnu/arm/4.9.3/bin/../lib/gcc/arm-none-eabi/4.9.3/../../../../arm-none-eabi/lib/armv6-m\libg_nano.a(lib_a-nano-msizer.o)
 .debug_frame   0x000029a4       0x48 c:/program files (x86)/cypress/psoc creator/3.3/psoc creator/import/gnu/arm/4.9.3/bin/../lib/gcc/arm-none-eabi/4.9.3/../../../../arm-none-eabi/lib/armv6-m\libg_nano.a(lib_a-reent.o)

.debug_str      0x00000000     0x2ae1
 *(.debug_str)
 .debug_str     0x00000000      0x576 .\CortexM0\ARM_GCC_493\Debug\main.o
                                0x5e2 (size before relaxing)
 .debug_str     0x00000576       0x37 .\CortexM0\ARM_GCC_493\Debug\cymetadata.o
                                0x1a7 (size before relaxing)
 .debug_str     0x000005ad      0x14c .\CortexM0\ARM_GCC_493\Debug\Cm0Start.o
                                0x301 (size before relaxing)
 .debug_str     0x000006f9       0x7a .\CortexM0\ARM_GCC_493\Debug\cybootloader.o
                                0x1ea (size before relaxing)
 .debug_str     0x00000773      0x18f .\CortexM0\ARM_GCC_493\Debug\Benchtop PSU.a(cyfitter_cfg.o)
                                0x364 (size before relaxing)
 .debug_str     0x00000902      0x3f8 .\CortexM0\ARM_GCC_493\Debug\Benchtop PSU.a(PWM_V.o)
                                0x5a2 (size before relaxing)
 .debug_str     0x00000cfa      0x46b .\CortexM0\ARM_GCC_493\Debug\Benchtop PSU.a(CyLib.o)
                                0x686 (size before relaxing)
 .debug_str     0x00001165      0x468 .\CortexM0\ARM_GCC_493\Debug\Benchtop PSU.a(CyLFClk.o)
                                0x650 (size before relaxing)
 .debug_str     0x000015cd       0x8f .\CortexM0\ARM_GCC_493\Debug\Benchtop PSU.a(DC.o)
                                0x21e (size before relaxing)
 .debug_str     0x0000165c       0x8f .\CortexM0\ARM_GCC_493\Debug\Benchtop PSU.a(ResetLCD.o)
                                0x248 (size before relaxing)
 .debug_str     0x000016eb      0x472 .\CortexM0\ARM_GCC_493\Debug\Benchtop PSU.a(PWM_Brightness.o)
                                0x71c (size before relaxing)
 .debug_str     0x00001b5d      0x30a .\CortexM0\ARM_GCC_493\Debug\Benchtop PSU.a(PWM_C.o)
                                0x5a2 (size before relaxing)
 .debug_str     0x00001e67       0xee .\CortexM0\ARM_GCC_493\Debug\Benchtop PSU.a(isr_adc.o)
                                0x2f7 (size before relaxing)
 .debug_str     0x00001f55      0x23d .\CortexM0\ARM_GCC_493\Debug\Benchtop PSU.a(SPIM_1.o)
                                0x439 (size before relaxing)
 .debug_str     0x00002192       0xd0 .\CortexM0\ARM_GCC_493\Debug\Benchtop PSU.a(SPIM_1_IntClock.o)
                                0x276 (size before relaxing)
 .debug_str     0x00002262      0x1a0 .\CortexM0\ARM_GCC_493\Debug\Benchtop PSU.a(ADC.o)
                                0x3d6 (size before relaxing)
 .debug_str     0x00002402       0x37 .\CortexM0\ARM_GCC_493\Debug\Benchtop PSU.a(ADC_INT.o)
                                0x1ae (size before relaxing)
 .debug_str     0x00002439       0xdf .\CortexM0\ARM_GCC_493\Debug\Benchtop PSU.a(isr_vcb.o)
                                0x2f7 (size before relaxing)
 .debug_str     0x00002518      0x344 .\CortexM0\ARM_GCC_493\Debug\Benchtop PSU.a(QuadDec.o)
                                0x5f6 (size before relaxing)
 .debug_str     0x0000285c       0xeb .\CortexM0\ARM_GCC_493\Debug\Benchtop PSU.a(isr_quad.o)
                                0x305 (size before relaxing)
 .debug_str     0x00002947       0xa3 .\CortexM0\ARM_GCC_493\Debug\Benchtop PSU.a(Count7.o)
                                0x26e (size before relaxing)
 .debug_str     0x000029ea       0xf7 .\CortexM0\ARM_GCC_493\Debug\Benchtop PSU.a(isr_speed.o)
                                0x313 (size before relaxing)

.debug_loc      0x00000000     0x328e
 *(.debug_loc)
 .debug_loc     0x00000000      0x2e7 .\CortexM0\ARM_GCC_493\Debug\main.o
 .debug_loc     0x000002e7      0x14f .\CortexM0\ARM_GCC_493\Debug\Cm0Start.o
 .debug_loc     0x00000436      0x21c .\CortexM0\ARM_GCC_493\Debug\Benchtop PSU.a(cyfitter_cfg.o)
 .debug_loc     0x00000652      0x547 .\CortexM0\ARM_GCC_493\Debug\Benchtop PSU.a(PWM_V.o)
 .debug_loc     0x00000b99      0x5b5 .\CortexM0\ARM_GCC_493\Debug\Benchtop PSU.a(CyLib.o)
 .debug_loc     0x0000114e      0x7df .\CortexM0\ARM_GCC_493\Debug\Benchtop PSU.a(CyLFClk.o)
 .debug_loc     0x0000192d       0xa2 .\CortexM0\ARM_GCC_493\Debug\Benchtop PSU.a(DC.o)
 .debug_loc     0x000019cf       0xa2 .\CortexM0\ARM_GCC_493\Debug\Benchtop PSU.a(ResetLCD.o)
 .debug_loc     0x00001a71      0x547 .\CortexM0\ARM_GCC_493\Debug\Benchtop PSU.a(PWM_Brightness.o)
 .debug_loc     0x00001fb8      0x547 .\CortexM0\ARM_GCC_493\Debug\Benchtop PSU.a(PWM_C.o)
 .debug_loc     0x000024ff       0x82 .\CortexM0\ARM_GCC_493\Debug\Benchtop PSU.a(isr_adc.o)
 .debug_loc     0x00002581      0x112 .\CortexM0\ARM_GCC_493\Debug\Benchtop PSU.a(SPIM_1.o)
 .debug_loc     0x00002693       0x21 .\CortexM0\ARM_GCC_493\Debug\Benchtop PSU.a(SPIM_1_IntClock.o)
 .debug_loc     0x000026b4      0x4c6 .\CortexM0\ARM_GCC_493\Debug\Benchtop PSU.a(ADC.o)
 .debug_loc     0x00002b7a       0x82 .\CortexM0\ARM_GCC_493\Debug\Benchtop PSU.a(isr_vcb.o)
 .debug_loc     0x00002bfc      0x547 .\CortexM0\ARM_GCC_493\Debug\Benchtop PSU.a(QuadDec.o)
 .debug_loc     0x00003143       0x82 .\CortexM0\ARM_GCC_493\Debug\Benchtop PSU.a(isr_quad.o)
 .debug_loc     0x000031c5       0x47 .\CortexM0\ARM_GCC_493\Debug\Benchtop PSU.a(Count7.o)
 .debug_loc     0x0000320c       0x82 .\CortexM0\ARM_GCC_493\Debug\Benchtop PSU.a(isr_speed.o)

.debug_macinfo
 *(.debug_macinfo)

.debug_ranges   0x00000000      0xcb8
 *(.debug_ranges)
 .debug_ranges  0x00000000       0x90 .\CortexM0\ARM_GCC_493\Debug\main.o
 .debug_ranges  0x00000090       0x38 .\CortexM0\ARM_GCC_493\Debug\Cm0Start.o
 .debug_ranges  0x000000c8       0x40 .\CortexM0\ARM_GCC_493\Debug\Benchtop PSU.a(cyfitter_cfg.o)
 .debug_ranges  0x00000108      0x148 .\CortexM0\ARM_GCC_493\Debug\Benchtop PSU.a(PWM_V.o)
 .debug_ranges  0x00000250      0x168 .\CortexM0\ARM_GCC_493\Debug\Benchtop PSU.a(CyLib.o)
 .debug_ranges  0x000003b8      0x110 .\CortexM0\ARM_GCC_493\Debug\Benchtop PSU.a(CyLFClk.o)
 .debug_ranges  0x000004c8       0x38 .\CortexM0\ARM_GCC_493\Debug\Benchtop PSU.a(DC.o)
 .debug_ranges  0x00000500       0x38 .\CortexM0\ARM_GCC_493\Debug\Benchtop PSU.a(ResetLCD.o)
 .debug_ranges  0x00000538      0x148 .\CortexM0\ARM_GCC_493\Debug\Benchtop PSU.a(PWM_Brightness.o)
 .debug_ranges  0x00000680      0x148 .\CortexM0\ARM_GCC_493\Debug\Benchtop PSU.a(PWM_C.o)
 .debug_ranges  0x000007c8       0x70 .\CortexM0\ARM_GCC_493\Debug\Benchtop PSU.a(isr_adc.o)
 .debug_ranges  0x00000838       0xc8 .\CortexM0\ARM_GCC_493\Debug\Benchtop PSU.a(SPIM_1.o)
 .debug_ranges  0x00000900       0x30 .\CortexM0\ARM_GCC_493\Debug\Benchtop PSU.a(SPIM_1_IntClock.o)
 .debug_ranges  0x00000930       0x98 .\CortexM0\ARM_GCC_493\Debug\Benchtop PSU.a(ADC.o)
 .debug_ranges  0x000009c8       0x10 .\CortexM0\ARM_GCC_493\Debug\Benchtop PSU.a(ADC_INT.o)
 .debug_ranges  0x000009d8       0x70 .\CortexM0\ARM_GCC_493\Debug\Benchtop PSU.a(isr_vcb.o)
 .debug_ranges  0x00000a48      0x148 .\CortexM0\ARM_GCC_493\Debug\Benchtop PSU.a(QuadDec.o)
 .debug_ranges  0x00000b90       0x70 .\CortexM0\ARM_GCC_493\Debug\Benchtop PSU.a(isr_quad.o)
 .debug_ranges  0x00000c00       0x48 .\CortexM0\ARM_GCC_493\Debug\Benchtop PSU.a(Count7.o)
 .debug_ranges  0x00000c48       0x70 .\CortexM0\ARM_GCC_493\Debug\Benchtop PSU.a(isr_speed.o)

.comment        0x00000000       0x70
 .comment       0x00000000       0x70 .\CortexM0\ARM_GCC_493\Debug\main.o
                                 0x71 (size before relaxing)
 .comment       0x00000000       0x71 .\CortexM0\ARM_GCC_493\Debug\cymetadata.o
 .comment       0x00000000       0x71 .\CortexM0\ARM_GCC_493\Debug\Cm0Start.o
 .comment       0x00000000       0x71 .\CortexM0\ARM_GCC_493\Debug\cybootloader.o
 .comment       0x00000000       0x71 .\CortexM0\ARM_GCC_493\Debug\Benchtop PSU.a(cyfitter_cfg.o)
 .comment       0x00000000       0x71 .\CortexM0\ARM_GCC_493\Debug\Benchtop PSU.a(PWM_V.o)
 .comment       0x00000000       0x71 .\CortexM0\ARM_GCC_493\Debug\Benchtop PSU.a(CyLib.o)
 .comment       0x00000000       0x71 .\CortexM0\ARM_GCC_493\Debug\Benchtop PSU.a(CyLFClk.o)
 .comment       0x00000000       0x71 .\CortexM0\ARM_GCC_493\Debug\Benchtop PSU.a(DC.o)
 .comment       0x00000000       0x71 .\CortexM0\ARM_GCC_493\Debug\Benchtop PSU.a(ResetLCD.o)
 .comment       0x00000000       0x71 .\CortexM0\ARM_GCC_493\Debug\Benchtop PSU.a(PWM_Brightness.o)
 .comment       0x00000000       0x71 .\CortexM0\ARM_GCC_493\Debug\Benchtop PSU.a(PWM_C.o)
 .comment       0x00000000       0x71 .\CortexM0\ARM_GCC_493\Debug\Benchtop PSU.a(isr_adc.o)
 .comment       0x00000000       0x71 .\CortexM0\ARM_GCC_493\Debug\Benchtop PSU.a(SPIM_1.o)
 .comment       0x00000000       0x71 .\CortexM0\ARM_GCC_493\Debug\Benchtop PSU.a(SPIM_1_IntClock.o)
 .comment       0x00000000       0x71 .\CortexM0\ARM_GCC_493\Debug\Benchtop PSU.a(ADC.o)
 .comment       0x00000000       0x71 .\CortexM0\ARM_GCC_493\Debug\Benchtop PSU.a(ADC_INT.o)
 .comment       0x00000000       0x71 .\CortexM0\ARM_GCC_493\Debug\Benchtop PSU.a(isr_vcb.o)
 .comment       0x00000000       0x71 .\CortexM0\ARM_GCC_493\Debug\Benchtop PSU.a(QuadDec.o)
 .comment       0x00000000       0x71 .\CortexM0\ARM_GCC_493\Debug\Benchtop PSU.a(isr_quad.o)
 .comment       0x00000000       0x71 .\CortexM0\ARM_GCC_493\Debug\Benchtop PSU.a(Count7.o)
 .comment       0x00000000       0x71 .\CortexM0\ARM_GCC_493\Debug\Benchtop PSU.a(isr_speed.o)

.debug_weaknames
 *(.debug_weaknames)

.debug_funcnames
 *(.debug_funcnames)

.debug_typenames
 *(.debug_typenames)

.debug_varnames
 *(.debug_varnames)

.note.gnu.arm.ident
 *(.note.gnu.arm.ident)

.ARM.attributes
                0x00000000       0x28
 *(.ARM.attributes)
 .ARM.attributes
                0x00000000       0x1e c:/program files (x86)/cypress/psoc creator/3.3/psoc creator/import/gnu/arm/4.9.3/bin/../lib/gcc/arm-none-eabi/4.9.3/armv6-m/crti.o
 .ARM.attributes
                0x0000001e       0x2c c:/program files (x86)/cypress/psoc creator/3.3/psoc creator/import/gnu/arm/4.9.3/bin/../lib/gcc/arm-none-eabi/4.9.3/armv6-m/crtbegin.o
 .ARM.attributes
                0x0000004a       0x1b c:/program files (x86)/cypress/psoc creator/3.3/psoc creator/import/gnu/arm/4.9.3/bin/../lib/gcc/arm-none-eabi/4.9.3/../../../../arm-none-eabi/lib/armv6-m/crt0.o
 .ARM.attributes
                0x00000065       0x31 .\CortexM0\ARM_GCC_493\Debug\main.o
 .ARM.attributes
                0x00000096       0x31 .\CortexM0\ARM_GCC_493\Debug\cymetadata.o
 .ARM.attributes
                0x000000c7       0x31 .\CortexM0\ARM_GCC_493\Debug\Cm0Start.o
 .ARM.attributes
                0x000000f8       0x31 .\CortexM0\ARM_GCC_493\Debug\cybootloader.o
 .ARM.attributes
                0x00000129       0x31 .\CortexM0\ARM_GCC_493\Debug\Benchtop PSU.a(cyfitter_cfg.o)
 .ARM.attributes
                0x0000015a       0x31 .\CortexM0\ARM_GCC_493\Debug\Benchtop PSU.a(PWM_V.o)
 .ARM.attributes
                0x0000018b       0x21 .\CortexM0\ARM_GCC_493\Debug\Benchtop PSU.a(CyBootAsmGnu.o)
 .ARM.attributes
                0x000001ac       0x31 .\CortexM0\ARM_GCC_493\Debug\Benchtop PSU.a(CyLib.o)
 .ARM.attributes
                0x000001dd       0x31 .\CortexM0\ARM_GCC_493\Debug\Benchtop PSU.a(CyLFClk.o)
 .ARM.attributes
                0x0000020e       0x31 .\CortexM0\ARM_GCC_493\Debug\Benchtop PSU.a(DC.o)
 .ARM.attributes
                0x0000023f       0x31 .\CortexM0\ARM_GCC_493\Debug\Benchtop PSU.a(ResetLCD.o)
 .ARM.attributes
                0x00000270       0x31 .\CortexM0\ARM_GCC_493\Debug\Benchtop PSU.a(PWM_Brightness.o)
 .ARM.attributes
                0x000002a1       0x31 .\CortexM0\ARM_GCC_493\Debug\Benchtop PSU.a(PWM_C.o)
 .ARM.attributes
                0x000002d2       0x31 .\CortexM0\ARM_GCC_493\Debug\Benchtop PSU.a(isr_adc.o)
 .ARM.attributes
                0x00000303       0x31 .\CortexM0\ARM_GCC_493\Debug\Benchtop PSU.a(SPIM_1.o)
 .ARM.attributes
                0x00000334       0x31 .\CortexM0\ARM_GCC_493\Debug\Benchtop PSU.a(SPIM_1_IntClock.o)
 .ARM.attributes
                0x00000365       0x31 .\CortexM0\ARM_GCC_493\Debug\Benchtop PSU.a(ADC.o)
 .ARM.attributes
                0x00000396       0x31 .\CortexM0\ARM_GCC_493\Debug\Benchtop PSU.a(ADC_INT.o)
 .ARM.attributes
                0x000003c7       0x31 .\CortexM0\ARM_GCC_493\Debug\Benchtop PSU.a(isr_vcb.o)
 .ARM.attributes
                0x000003f8       0x31 .\CortexM0\ARM_GCC_493\Debug\Benchtop PSU.a(QuadDec.o)
 .ARM.attributes
                0x00000429       0x31 .\CortexM0\ARM_GCC_493\Debug\Benchtop PSU.a(isr_quad.o)
 .ARM.attributes
                0x0000045a       0x31 .\CortexM0\ARM_GCC_493\Debug\Benchtop PSU.a(Count7.o)
 .ARM.attributes
                0x0000048b       0x31 .\CortexM0\ARM_GCC_493\Debug\Benchtop PSU.a(isr_speed.o)
 .ARM.attributes
                0x000004bc       0x1e c:/program files (x86)/cypress/psoc creator/3.3/psoc creator/import/gnu/arm/4.9.3/bin/../lib/gcc/arm-none-eabi/4.9.3/armv6-m\libgcc.a(_udivsi3.o)
 .ARM.attributes
                0x000004da       0x1e c:/program files (x86)/cypress/psoc creator/3.3/psoc creator/import/gnu/arm/4.9.3/bin/../lib/gcc/arm-none-eabi/4.9.3/armv6-m\libgcc.a(_divsi3.o)
 .ARM.attributes
                0x000004f8       0x1e c:/program files (x86)/cypress/psoc creator/3.3/psoc creator/import/gnu/arm/4.9.3/bin/../lib/gcc/arm-none-eabi/4.9.3/armv6-m\libgcc.a(_dvmd_tls.o)
 .ARM.attributes
                0x00000516       0x1e c:/program files (x86)/cypress/psoc creator/3.3/psoc creator/import/gnu/arm/4.9.3/bin/../lib/gcc/arm-none-eabi/4.9.3/armv6-m\libgcc.a(_aeabi_ldivmod.o)
 .ARM.attributes
                0x00000534       0x2c c:/program files (x86)/cypress/psoc creator/3.3/psoc creator/import/gnu/arm/4.9.3/bin/../lib/gcc/arm-none-eabi/4.9.3/armv6-m\libgcc.a(_muldi3.o)
 .ARM.attributes
                0x00000560       0x2c c:/program files (x86)/cypress/psoc creator/3.3/psoc creator/import/gnu/arm/4.9.3/bin/../lib/gcc/arm-none-eabi/4.9.3/armv6-m\libgcc.a(_fixunsdfsi.o)
 .ARM.attributes
                0x0000058c       0x2c c:/program files (x86)/cypress/psoc creator/3.3/psoc creator/import/gnu/arm/4.9.3/bin/../lib/gcc/arm-none-eabi/4.9.3/armv6-m\libgcc.a(bpabi.o)
 .ARM.attributes
                0x000005b8       0x2c c:/program files (x86)/cypress/psoc creator/3.3/psoc creator/import/gnu/arm/4.9.3/bin/../lib/gcc/arm-none-eabi/4.9.3/armv6-m\libgcc.a(divsf3.o)
 .ARM.attributes
                0x000005e4       0x2c c:/program files (x86)/cypress/psoc creator/3.3/psoc creator/import/gnu/arm/4.9.3/bin/../lib/gcc/arm-none-eabi/4.9.3/armv6-m\libgcc.a(mulsf3.o)
 .ARM.attributes
                0x00000610       0x2c c:/program files (x86)/cypress/psoc creator/3.3/psoc creator/import/gnu/arm/4.9.3/bin/../lib/gcc/arm-none-eabi/4.9.3/armv6-m\libgcc.a(floatsisf.o)
 .ARM.attributes
                0x0000063c       0x2c c:/program files (x86)/cypress/psoc creator/3.3/psoc creator/import/gnu/arm/4.9.3/bin/../lib/gcc/arm-none-eabi/4.9.3/armv6-m\libgcc.a(adddf3.o)
 .ARM.attributes
                0x00000668       0x2c c:/program files (x86)/cypress/psoc creator/3.3/psoc creator/import/gnu/arm/4.9.3/bin/../lib/gcc/arm-none-eabi/4.9.3/armv6-m\libgcc.a(muldf3.o)
 .ARM.attributes
                0x00000694       0x2c c:/program files (x86)/cypress/psoc creator/3.3/psoc creator/import/gnu/arm/4.9.3/bin/../lib/gcc/arm-none-eabi/4.9.3/armv6-m\libgcc.a(subdf3.o)
 .ARM.attributes
                0x000006c0       0x2c c:/program files (x86)/cypress/psoc creator/3.3/psoc creator/import/gnu/arm/4.9.3/bin/../lib/gcc/arm-none-eabi/4.9.3/armv6-m\libgcc.a(fixdfsi.o)
 .ARM.attributes
                0x000006ec       0x2c c:/program files (x86)/cypress/psoc creator/3.3/psoc creator/import/gnu/arm/4.9.3/bin/../lib/gcc/arm-none-eabi/4.9.3/armv6-m\libgcc.a(floatsidf.o)
 .ARM.attributes
                0x00000718       0x1e c:/program files (x86)/cypress/psoc creator/3.3/psoc creator/import/gnu/arm/4.9.3/bin/../lib/gcc/arm-none-eabi/4.9.3/armv6-m\libgcc.a(_arm_cmpdf2.o)
 .ARM.attributes
                0x00000736       0x1e c:/program files (x86)/cypress/psoc creator/3.3/psoc creator/import/gnu/arm/4.9.3/bin/../lib/gcc/arm-none-eabi/4.9.3/armv6-m\libgcc.a(_clzsi2.o)
 .ARM.attributes
                0x00000754       0x2c c:/program files (x86)/cypress/psoc creator/3.3/psoc creator/import/gnu/arm/4.9.3/bin/../lib/gcc/arm-none-eabi/4.9.3/armv6-m\libgcc.a(_divdi3.o)
 .ARM.attributes
                0x00000780       0x2c c:/program files (x86)/cypress/psoc creator/3.3/psoc creator/import/gnu/arm/4.9.3/bin/../lib/gcc/arm-none-eabi/4.9.3/armv6-m\libgcc.a(_udivdi3.o)
 .ARM.attributes
                0x000007ac       0x2c c:/program files (x86)/cypress/psoc creator/3.3/psoc creator/import/gnu/arm/4.9.3/bin/../lib/gcc/arm-none-eabi/4.9.3/armv6-m\libgcc.a(eqdf2.o)
 .ARM.attributes
                0x000007d8       0x2c c:/program files (x86)/cypress/psoc creator/3.3/psoc creator/import/gnu/arm/4.9.3/bin/../lib/gcc/arm-none-eabi/4.9.3/armv6-m\libgcc.a(gedf2.o)
 .ARM.attributes
                0x00000804       0x2c c:/program files (x86)/cypress/psoc creator/3.3/psoc creator/import/gnu/arm/4.9.3/bin/../lib/gcc/arm-none-eabi/4.9.3/armv6-m\libgcc.a(ledf2.o)
 .ARM.attributes
                0x00000830       0x1e c:/program files (x86)/cypress/psoc creator/3.3/psoc creator/import/gnu/arm/4.9.3/bin/../lib/gcc/arm-none-eabi/4.9.3/armv6-m\libgcc.a(_clzdi2.o)
 .ARM.attributes
                0x0000084e       0x2c c:/program files (x86)/cypress/psoc creator/3.3/psoc creator/import/gnu/arm/4.9.3/bin/../lib/gcc/arm-none-eabi/4.9.3/../../../../arm-none-eabi/lib/armv6-m\libg_nano.a(lib_a-errno.o)
 .ARM.attributes
                0x0000087a       0x2c c:/program files (x86)/cypress/psoc creator/3.3/psoc creator/import/gnu/arm/4.9.3/bin/../lib/gcc/arm-none-eabi/4.9.3/../../../../arm-none-eabi/lib/armv6-m\libg_nano.a(lib_a-exit.o)
 .ARM.attributes
                0x000008a6       0x2c c:/program files (x86)/cypress/psoc creator/3.3/psoc creator/import/gnu/arm/4.9.3/bin/../lib/gcc/arm-none-eabi/4.9.3/../../../../arm-none-eabi/lib/armv6-m\libg_nano.a(lib_a-impure.o)
 .ARM.attributes
                0x000008d2       0x2c c:/program files (x86)/cypress/psoc creator/3.3/psoc creator/import/gnu/arm/4.9.3/bin/../lib/gcc/arm-none-eabi/4.9.3/../../../../arm-none-eabi/lib/armv6-m\libg_nano.a(lib_a-init.o)
 .ARM.attributes
                0x000008fe       0x2c c:/program files (x86)/cypress/psoc creator/3.3/psoc creator/import/gnu/arm/4.9.3/bin/../lib/gcc/arm-none-eabi/4.9.3/../../../../arm-none-eabi/lib/armv6-m\libg_nano.a(lib_a-memcpy.o)
 .ARM.attributes
                0x0000092a       0x2c c:/program files (x86)/cypress/psoc creator/3.3/psoc creator/import/gnu/arm/4.9.3/bin/../lib/gcc/arm-none-eabi/4.9.3/../../../../arm-none-eabi/lib/armv6-m\libg_nano.a(lib_a-memset.o)
 .ARM.attributes
                0x00000956       0x2c c:/program files (x86)/cypress/psoc creator/3.3/psoc creator/import/gnu/arm/4.9.3/bin/../lib/gcc/arm-none-eabi/4.9.3/../../../../arm-none-eabi/lib/armv6-m\libg_nano.a(lib_a-sprintf.o)
 .ARM.attributes
                0x00000982       0x2c c:/program files (x86)/cypress/psoc creator/3.3/psoc creator/import/gnu/arm/4.9.3/bin/../lib/gcc/arm-none-eabi/4.9.3/../../../../arm-none-eabi/lib/armv6-m\libg_nano.a(lib_a-strlen.o)
 .ARM.attributes
                0x000009ae       0x2c c:/program files (x86)/cypress/psoc creator/3.3/psoc creator/import/gnu/arm/4.9.3/bin/../lib/gcc/arm-none-eabi/4.9.3/../../../../arm-none-eabi/lib/armv6-m\libg_nano.a(lib_a-nano-svfprintf.o)
 .ARM.attributes
                0x000009da       0x2c c:/program files (x86)/cypress/psoc creator/3.3/psoc creator/import/gnu/arm/4.9.3/bin/../lib/gcc/arm-none-eabi/4.9.3/../../../../arm-none-eabi/lib/armv6-m\libg_nano.a(lib_a-nano-vfprintf_i.o)
 .ARM.attributes
                0x00000a06       0x2c c:/program files (x86)/cypress/psoc creator/3.3/psoc creator/import/gnu/arm/4.9.3/bin/../lib/gcc/arm-none-eabi/4.9.3/../../../../arm-none-eabi/lib/armv6-m\libg_nano.a(lib_a-memchr.o)
 .ARM.attributes
                0x00000a32       0x2c c:/program files (x86)/cypress/psoc creator/3.3/psoc creator/import/gnu/arm/4.9.3/bin/../lib/gcc/arm-none-eabi/4.9.3/../../../../arm-none-eabi/lib/armv6-m\libg_nano.a(lib_a-memmove.o)
 .ARM.attributes
                0x00000a5e       0x2c c:/program files (x86)/cypress/psoc creator/3.3/psoc creator/import/gnu/arm/4.9.3/bin/../lib/gcc/arm-none-eabi/4.9.3/../../../../arm-none-eabi/lib/armv6-m\libg_nano.a(lib_a-nano-freer.o)
 .ARM.attributes
                0x00000a8a       0x2c c:/program files (x86)/cypress/psoc creator/3.3/psoc creator/import/gnu/arm/4.9.3/bin/../lib/gcc/arm-none-eabi/4.9.3/../../../../arm-none-eabi/lib/armv6-m\libg_nano.a(lib_a-nano-mallocr.o)
 .ARM.attributes
                0x00000ab6       0x2c c:/program files (x86)/cypress/psoc creator/3.3/psoc creator/import/gnu/arm/4.9.3/bin/../lib/gcc/arm-none-eabi/4.9.3/../../../../arm-none-eabi/lib/armv6-m\libg_nano.a(lib_a-nano-reallocr.o)
 .ARM.attributes
                0x00000ae2       0x2c c:/program files (x86)/cypress/psoc creator/3.3/psoc creator/import/gnu/arm/4.9.3/bin/../lib/gcc/arm-none-eabi/4.9.3/../../../../arm-none-eabi/lib/armv6-m\libg_nano.a(lib_a-sbrkr.o)
 .ARM.attributes
                0x00000b0e       0x2c c:/program files (x86)/cypress/psoc creator/3.3/psoc creator/import/gnu/arm/4.9.3/bin/../lib/gcc/arm-none-eabi/4.9.3/../../../../arm-none-eabi/lib/armv6-m\libg_nano.a(lib_a-nano-msizer.o)
 .ARM.attributes
                0x00000b3a       0x2c c:/program files (x86)/cypress/psoc creator/3.3/psoc creator/import/gnu/arm/4.9.3/bin/../lib/gcc/arm-none-eabi/4.9.3/../../../../arm-none-eabi/lib/armv6-m\libg_nano.a(lib_a-reent.o)
 .ARM.attributes
                0x00000b66       0x2c c:/program files (x86)/cypress/psoc creator/3.3/psoc creator/import/gnu/arm/4.9.3/bin/../lib/gcc/arm-none-eabi/4.9.3/armv6-m/crtend.o
 .ARM.attributes
                0x00000b92       0x1e c:/program files (x86)/cypress/psoc creator/3.3/psoc creator/import/gnu/arm/4.9.3/bin/../lib/gcc/arm-none-eabi/4.9.3/armv6-m/crtn.o

/DISCARD/
 *(.note.GNU-stack)
OUTPUT(.\CortexM0\ARM_GCC_493\Debug\Benchtop PSU.elf elf32-littlearm)
